W/YouTube ( 3757): 	at java.lang.Thread.run(Thread.java:818)
I/YouTube ( 3757): apps.youtube.core.async.x.a:72 Sleeping thread for 3518ms
I/libgps  ( 2584): proxy_agps_ril_request_setid_cb: flags(1)
E/GCM     ( 3138): GCM failed to read backup checkin config, checkin may have failed
W/GCM     ( 3138): GCM FAILED TO INITIALIZE - missing checkin
W/GCM     ( 3138): GCM registration failed: invalid or missing checkin null
E/GCM     ( 3138): GCM failed to read backup checkin config, checkin may have failed
W/GCM     ( 3138): GCM FAILED TO INITIALIZE - missing checkin
W/GCM     ( 3138): GCM registration failed: invalid or missing checkin null
W/YouTube ( 3757): apps.youtube.app.notification.d.a:33 Could not register with GCM: 
W/YouTube ( 3757): java.io.IOException: AUTHENTICATION_FAILED
W/YouTube ( 3757): 	at com.google.android.gms.a.a.a(Unknown Source)
W/YouTube ( 3757): 	at com.google.android.apps.youtube.app.notification.d.a(SourceFile:33)
W/YouTube ( 3757): 	at com.google.android.apps.youtube.app.notification.e.run(SourceFile:76)
W/YouTube ( 3757): 	at java.util.concurrent.Executors$RunnableAdapter.call(Executors.java:422)
W/YouTube ( 3757): 	at java.util.concurrent.FutureTask.run(FutureTask.java:237)
W/YouTube ( 3757): 	at java.util.concurrent.ScheduledThreadPoolExecutor$ScheduledFutureTask.access$201(ScheduledThreadPoolExecutor.java:152)
W/YouTube ( 3757): 	at java.util.concurrent.ScheduledThreadPoolExecutor$ScheduledFutureTask.run(ScheduledThreadPoolExecutor.java:265)
W/YouTube ( 3757): 	at java.util.concurrent.ThreadPoolExecutor.runWorker(ThreadPoolExecutor.java:1112)
W/YouTube ( 3757): 	at java.util.concurrent.ThreadPoolExecutor$Worker.run(ThreadPoolExecutor.java:587)
W/YouTube ( 3757): 	at java.lang.Thread.run(Thread.java:818)
I/YouTube ( 3757): apps.youtube.core.async.x.a:72 Sleeping thread for 5430ms
D/PROPERTY( 2281): get media.dump_output.befconv: 0
D/PROPERTY( 2281): get media.dump_output.aftconv: 0
D/AudioIntelHAL( 2281): startStream: output stream
D/EVENT_THREAD( 2281): void CEventThread::trig(uint16_t): in
D/EVENT_THREAD( 2281): void CEventThread::trig(uint16_t): out
D/RouteManager( 2281): doReconsiderRouting: Route state:
D/RouteManager( 2281): 	-Previously Enabled Route in Input = <none>
D/RouteManager( 2281): 	-Previously Enabled Route in Output = <none>
D/RouteManager( 2281): 	-Selected Route in Input = <none>
D/RouteManager( 2281): 	-Selected Route in Output = Media|HwCodec0IA
D/RouteManager( 2281): 		-executeMuteRoutingStage-
D/RouteManager( 2281): 		-executeDisableRoutingStage-
D/RouteManager( 2281): 		-executeConfigureRoutingStage-
D/RouteManager( 2281): 		-executeEnableRoutingStage-
D/TinyAlsaAudioDevice( 2281): open card (bytcrrt5640,0) with config (rate(48000), format(0), channels(2))
D/TinyAlsaAudioDevice( 2281): open	 RingBuffer config: periodSize=1024, nbPeriod=4 startTh=0, stop Th=0 silence Th=0
I/ActivityManager( 2584): START u0 {act=android.intent.action.MAIN cat=[android.intent.category.LAUNCHER] flg=0x10000000 cmp=cn.yunzhisheng.voizard/.activity.MainActivity (has extras)} from pid 2676 on display 0
W/BadTokenDebug( 2584): addAppToken: Adding token=Token{ae88f2d ActivityRecord{132b7244 u0 cn.yunzhisheng.voizard/.activity.MainActivity t1020}} atoken=AppWindowToken{2a72dc62 token=Token{ae88f2d ActivityRecord{132b7244 u0 cn.yunzhisheng.voizard/.activity.MainActivity t1020}}}
I/ActivityManager( 2584): Start proc cn.yunzhisheng.voizard for activity cn.yunzhisheng.voizard/.activity.MainActivity: pid=3955 uid=10086 gids={50086, 9997, 3002, 3001, 3003, 1028, 1015} abi=x86
D/AudioConversion( 2281): configure: no convertion required
D/RouteManager( 2281): 		-executeUnmuteRoutingStage
D/RouteManager( 2281): doReconsiderRouting: DONE
D/EVENT_THREAD( 2281): void CEventThread::run() Do poll with timeout: -1
I/art     ( 3955): Profiler disabled. To enable setprop dalvik.vm.profiler 1.
D/MicroMsg.SDK.WXApiImplV10( 3955): ignore wechat app signature validation
D/MicroMsg.SDK.WXApiImplV10( 3955): register app cn.yunzhisheng.voizard
D/MicroMsg.SDK.MMessage( 3955): send mm message, intent=Intent { act=com.tencent.mm.plugin.openapi.Intent.ACTION_HANDLE_APP_REGISTER (has extras) }, perm=com.tencent.mm.permission.MM_MESSAGE
I/ActivityManager( 2584): START u0 {cmp=cn.yunzhisheng.voizard/.activity.SplashActivity} from pid 3955 on display 0
W/BadTokenDebug( 2584): addAppToken: Adding token=Token{1febf129 ActivityRecord{f8f6eb0 u0 cn.yunzhisheng.voizard/.activity.SplashActivity t1020}} atoken=AppWindowToken{29a65cae token=Token{1febf129 ActivityRecord{f8f6eb0 u0 cn.yunzhisheng.voizard/.activity.SplashActivity t1020}}}
W/com.umeng.common.b( 3955): No IMEI.
D/        ( 2676): Surface destroy: ANDROID_NATIVE_WINDOW_MAGIC
D/WifiService( 2584): New client listening to asynchronous messages
D/WindowService( 3955): onCreate
I/com.umeng.common.b( 3955): Could not get location from GPS or Cell-id, lack ACCESS_COARSE_LOCATION or ACCESS_COARSE_LOCATION permission?
W/com.umeng.common.b( 3955): No IMEI.
I/com.umeng.common.b( 3955): Could not get location from GPS or Cell-id, lack ACCESS_COARSE_LOCATION or ACCESS_COARSE_LOCATION permission?
W/System.err( 3955): java.lang.NullPointerException: Attempt to invoke virtual method 'java.lang.String org.json.JSONObject.toString()' on a null object reference
W/System.err( 3955): 	at com.umeng.analytics.b.a(Unknown Source)
W/System.err( 3955): 	at com.umeng.analytics.b.a(Unknown Source)
W/System.err( 3955): 	at com.umeng.analytics.b$b.run(Unknown Source)
W/System.err( 3955): 	at android.os.Handler.handleCallback(Handler.java:739)
W/System.err( 3955): 	at android.os.Handler.dispatchMessage(Handler.java:95)
W/System.err( 3955): 	at android.os.Looper.loop(Looper.java:135)
W/System.err( 3955): 	at android.os.HandlerThread.run(HandlerThread.java:61)
D/WindowService( 3955): initWakeup
W/sdcard  ( 2300): type=1400 audit(0.0:65): avc: denied { read } for name="0" dev="mmcblk0p9" ino=16257 scontext=u:r:sdcardd:s0 tcontext=u:object_r:system_data_file:s0 tclass=dir
W/sdcard  ( 2300): type=1400 audit(0.0:66): avc: denied { open } for path="/data/media/0" dev="mmcblk0p9" ino=16257 scontext=u:r:sdcardd:s0 tcontext=u:object_r:system_data_file:s0 tclass=dir
I/version ( 3955): 5.4.9;1.3.25;5.1.80;5.3.40;5.3.15;5.0.44;5.3.58;5.0.2;5.0.1;5.3.148;5.2.96;5.2.122;5.3.71
I/version ( 3955): 6bea6c9855b4bfe;1.1.6.7;cn.yunzhisheng.voizard
D/USC     ( 3955): key : ishuoshuo-android
V/USC-LOG ( 3955): LogService::init appKey invalid
D/USC     ( 3955): createUserId  6bea6c9855b4bfe
D/USC     ( 3955): saveUserId  6bea6c9855b4bfe
E/USC     ( 3955): activation : {"CubeId":"6bea6c9855b4bfe978889812670","model":"AOSP on Intel Platform","Vendor":"vui"}
I/USC     ( 3955): appKey: ishuoshuo-android channelId:null
D/WindowService( 3955): startHomeTimer
D/WindowService( 3955): onStartCommand:intent Intent { cmp=cn.yunzhisheng.voizard/.service.WindowService }
D/TalkService( 3955): onCreate
I/WakeUpUSCFix( 3955): WakeUpUSCFix init
E/JNI     ( 3955): version 2.0.1.0
E/JNI     ( 3955): time expiration : 2014-12-30
E/JNI     ( 3955): package : no limit
D/USC     ( 3955): getUserId  6bea6c9855b4bfe
D/USC     ( 3955): event log : key  :CubeId  value  : 6bea6c9855b4bfe978889813250
D/RecognizerTalk( 3955): init start
D/RecognizerTalk( 3955): readGrammerData
D/GrammarStruct( 3955): clearAll
D/GrammarStruct( 3955): clearParams
W/sdcard  ( 2301): type=1400 audit(0.0:67): avc: denied { write } for name="0" dev="mmcblk0p9" ino=16257 scontext=u:r:sdcardd:s0 tcontext=u:object_r:system_data_file:s0 tclass=dir
W/sdcard  ( 2301): type=1400 audit(0.0:68): avc: denied { add_name } for name="YunZhiSheng" scontext=u:r:sdcardd:s0 tcontext=u:object_r:system_data_file:s0 tclass=dir
I/wpa_supplicant( 2770): wlan0: CTRL-EVENT-SCAN-STARTED 
D/RecognizerTalk( 3955): readGrammarResume
D/RecognizerTalk( 3955): installDefaultGrammar
D/RecognizerTalk( 3955): init grammar done
D/RecognizerTalk( 3955): initRecognizer
I/ASR-JNI ( 3955): JNI_OnLoad
D/Recognizer( 3955): mix sdk version:1.5.67
D/RecognizerTalk( 3955): initControl
D/RecognizerTalk( 3955): initServer
D/RecognizerTalk( 3955): initWakeup
D/RecognizerTalk( 3955): initUpdate
D/Recognizer( 3955): UscMixRecognizer initModel
D/RecognizerTalk( 3955): init plugins done
D/RecognizerTalk( 3955): initFullVoiceCenter
D/FullVoiceCenter( 3955): FullVoiceCenter mMessageType : BROADCAST
D/FullVoiceBroadcast( 3955): FullVoiceBroadcastReceiver
D/FullVoiceBroadcast( 3955): registerReceiver
D/TalkService( 3955): onStartCommand:intent Intent { cmp=cn.yunzhisheng.voizard/.service.TalkService }
D/TalkService( 3955): handleMessage: action null
D/TalkService( 3955): onBind
W/ActivityManager( 2584): getRecentTasks: caller 10086 does not hold GET_TASKS; limiting output
W/ActivityManager( 2584): getTasks: caller 10086 does not hold GET_TASKS; limiting output
D/WindowService( 3955): startMonitor
I/Sensors ( 2584): Sensor 0 sampling rate set to 50
I/Sensors ( 2584): Enabling sensor 3 (iio device 3: BMG160 Gyroscope)
I/Sensors ( 2584): Sensor 3 sampling rate set to 125
D/Recognizer( 3955): UscMixRecognizer initModel done!
D/RecognizerTalk( 3955): onModelLoaded
D/RecognizerTalk( 3955): onInitDone
D/RecognizerTalk( 3955): initModel
D/Recognizer( 3955): initGrammarModel:models []
D/WindowService( 3955): requestStartWakeup failed:mFlag 0
D/WindowService( 3955): requestStartWakeup failed:mFlag 0
I/Choreographer( 3955): Skipped 59 frames!  The application may be doing too much work on its main thread.
D/TalkService( 3955): onInitDone
D/TalkService( 3955): handleMessage: action cn.yunzhisheng.voizard.intent.ACTION.SERVICE_INIT
D/TalkService( 3955): handleServiceInit
D/RecognizerTalk( 3955): compileFixData isLoadMode:true; isDataReady: false; isCompileFixData:false
V/PhoneStatusBar( 2654): setLightsOn(true)
D/AppSynchronizer( 3955): sync
D/WakeUpRecognizer( 3955): onWakeUpInitDone
D/WindowService( 3955): onWakeUpInitDone
D/WindowService( 3955): requestStartWakeup
D/WindowService( 3955): startWakeup
D/WakeUpRecognizer( 3955): start
I/WakeUpUSCFix( 3955): WakeUpUSCFix start
D/AudioIntelHAL( 2281): openInputStream: called for devices: 0x00040000
D/AudioStream( 2281): set(requested channels: 0x10 (popcount returns 1))
D/AudioStream( 2281): set: set channels to 0x10
D/AudioStream( 2281): set(requested rate: 16000))
D/AudioStream( 2281): set: set rate to 16000
D/AudioStream( 2281): set(requested format: 1))
D/AudioStream( 2281): set : set format to 1 (1)
D/AudioStream( 2281): set() -- OUT
D/AudioIntelHAL( 2281): openInputStream: input created with status=0
D/AudioStream( 2281): getBufferSize: 768 (in bytes) for input stream
D/AudioStream( 2281): getBufferSize: 768 (in bytes) for input stream
I/AudioFlinger( 2281): AudioFlinger's thread 0xf2022000 ready to run
D/WakeUpRecognitionThread( 3955): Wakeup Command:#
D/WakeUpRecognitionThread( 3955): init RECOGNIZER_OK
D/TalkServicePresentor( 3955): onServiceConnected
D/WakeUpRecordingThread( 3955): RecordingThread -> run
D/WakeUpRecordingThread( 3955): AudioRecord recording start.
D/SessionManager( 3955): onTalkInitDone
D/AudioIntelHAL( 2281): setStreamParameters: key value pair input_source=6;routing=262144
D/AudioIntelHAL( 2281): setStreamParameters: {+++ RECONSIDER ROUTING +++} due to input stream parameter change
D/EVENT_THREAD( 2281): void CEventThread::trig(uint16_t): in
D/EVENT_THREAD( 2281): void CEventThread::trig(uint16_t): out
D/EVENT_THREAD( 2281): void CEventThread::run() Do poll with timeout: -1
W/hisheng.voizard( 3955): type=1400 audit(0.0:69): avc: denied { getattr } for path="/dev/dri/card0" dev="tmpfs" ino=9575 scontext=u:r:untrusted_app:s0 tcontext=u:object_r:device:s0 tclass=chr_file
W/hisheng.voizard( 3955): type=1400 audit(0.0:70): avc: denied { open } for path="/dev/dri/card0" dev="tmpfs" ino=9575 scontext=u:r:untrusted_app:s0 tcontext=u:object_r:device:s0 tclass=chr_file
D/PROPERTY( 2281): get media.dump_input.befconv: 0
D/PROPERTY( 2281): get media.dump_input.aftconv: 0
D/AudioIntelHAL( 2281): startStream: input stream
D/AudioIntelHAL/AudioPlatformState( 2281): updatePreprocessorRequestedByActiveInput: found valid input stream, effectResMask=0x0
D/EVENT_THREAD( 2281): void CEventThread::trig(uint16_t): in
D/EVENT_THREAD( 2281): void CEventThread::trig(uint16_t): out
D/RouteManager( 2281): doReconsiderRouting: Route state:
D/RouteManager( 2281): 	-Previously Enabled Route in Input = <none>
D/RouteManager( 2281): 	-Previously Enabled Route in Output = Media|HwCodec0IA
D/RouteManager( 2281): 	-Selected Route in Input = Media|HwCodec0IA
D/RouteManager( 2281): 	-Selected Route in Output = Media|HwCodec0IA
D/RouteManager( 2281): 		-executeMuteRoutingStage-
D/RouteManager( 2281): 		-executeDisableRoutingStage-
D/RouteManager( 2281): 		-executeConfigureRoutingStage-
I/ufoGralloc( 3955): Hello, this is UFO GRALLOC/Intel Corporation
D/RouteManager( 2281): 		-executeEnableRoutingStage-
D/TinyAlsaAudioDevice( 2281): open card (bytcrrt5640,0) with config (rate(48000), format(0), channels(2))
D/TinyAlsaAudioDevice( 2281): open	 RingBuffer config: periodSize=1152, nbPeriod=2 startTh=1, stop Th=2304 silence Th=0
D/Resampler( 2281): configure: SOURCE rate=48000 format=1 channels=1
D/Resampler( 2281): configure: DST rate=16000 format=1 channels=1
D/RouteManager( 2281): 		-executeUnmuteRoutingStage
D/RouteManager( 2281): doReconsiderRouting: DONE
D/EVENT_THREAD( 2281): void CEventThread::run() Do poll with timeout: -1
D/SessionManager( 3955): onTalkInitDone
D/WakeUpRecognizer( 3955): onWakeUpRecordingStart
D/WindowService( 3955): onWakeUpRecordingStart
D/WindowService( 3955): notifyWakeupRunning
D/getAppAlias( 3955): name null,package com.android.contacts,map size 172
I/ActivityManager( 2584): Displayed cn.yunzhisheng.voizard/.activity.SplashActivity: +1s907ms (total +2s572ms)
D/getAppAlias( 3955): name null,package com.google.android.gms,map size 172
D/getAppAlias( 3955): name ||,package com.android.vending,map size 172
D/getAppAlias( 3955): name null,package com.android.settings,map size 172
D/getAppAlias( 3955): name null,package com.android.browser,map size 172
D/getAppAlias( 3955): name ,package com.google.android.calendar,map size 172
D/getAppAlias( 3955): name null,package com.android.camera2,map size 172
D/getAppAlias( 3955): name ||,package com.android.chrome,map size 172
D/getAppAlias( 3955): name null,package com.google.android.deskclock,map size 172
D/getAppAlias( 3955): name null,package com.android.email,map size 172
D/getAppAlias( 3955): name null,package com.google.android.gallery3d,map size 172
D/getAppAlias( 3955): name |||,package com.google.android.gm,map size 172
W/ResourceType( 3955): ResTable_typeSpec entry count inconsistent: given 1, previously 1372
D/getAppAlias( 3955): name null,package com.google.android.music,map size 172
D/getAppAlias( 3955): name null,package com.google.android.apps.plus,map size 172
D/getAppAlias( 3955): name null,package com.google.android.videos,map size 172
D/getAppAlias( 3955): name ,package com.google.android.youtube,map size 172
D/getAppAlias( 3955): name null,package com.google.android.googlequicksearchbox,map size 172
D/getAppAlias( 3955): name null,package com.google.android.googlequicksearchbox,map size 172
D/WakeUpRecordingThread( 3955): AudioRecord recording...
D/WakeUpRecognitionThread( 3955): Juc recognize: result 2001-01-07 17-50-14 524:Juc recognize result:
D/WakeUpRecognitionThread( 3955): ; recognizeCode = 0
D/getAppAlias( 3955): name null,package jackpal.androidterm,map size 172
D/getAppAlias( 3955): name null,package com.google.android.apps.books,map size 172
D/getAppAlias( 3955): name null,package com.android.calculator2,map size 172
D/getAppAlias( 3955): name null,package com.android.providers.downloads.ui,map size 172
W/ResourceType( 3955): ResTable_typeSpec entry count inconsistent: given 1, previously 1372
D/getAppAlias( 3955): name |,package com.google.android.apps.docs,map size 172
D/getAppAlias( 3955): name null,package com.google.android.apps.magazines,map size 172
D/getAppAlias( 3955): name null,package com.google.android.apps.maps,map size 172
D/getAppAlias( 3955): name null,package com.google.android.play.games,map size 172
D/getAppAlias( 3955): name null,package com.google.android.apps.plus,map size 172
D/getAppAlias( 3955): name null,package com.candyrufusgames.survivalcrafttrial,map size 172
D/getAppAlias( 3955): name null,package com.cheerfulinc.flipagram,map size 172
W/ResourceType( 3955): ResTable_typeSpec entry count inconsistent: given 9, previously 1372
D/getAppAlias( 3955): name |,package com.gau.go.launcherex,map size 172
D/getAppAlias( 3955): name null,package com.kii.safe,map size 172
D/getAppAlias( 3955): name null,package com.android.cts.uiautomator,map size 172
D/getAppAlias( 3955): name null,package com.vectorunit.red,map size 172
D/getAppAlias( 3955): name null,package kr.core.technology.wifi.hotspot,map size 172
D/getAppAlias( 3955): name null,package net.snclab.wifitetherrouter,map size 172
D/getAppAlias( 3955): name |||,package cn.yunzhisheng.voizard,map size 172
D/getAppAlias( 3955): name null,package com.replica.replicaisland,map size 172
W/System.err( 3955): java.io.FileNotFoundException: Attribution.mg
W/System.err( 3955): 	at android.content.res.AssetManager.openAsset(Native Method)
W/System.err( 3955): 	at android.content.res.AssetManager.open(AssetManager.java:313)
W/System.err( 3955): 	at android.content.res.AssetManager.open(AssetManager.java:287)
W/System.err( 3955): 	at cn.yunzhisheng.voizard.h.j.a(Unknown Source)
W/System.err( 3955): 	at cn.yunzhisheng.voizard.service.TalkService.e(Unknown Source)
W/System.err( 3955): 	at cn.yunzhisheng.voizard.service.h.handleMessage(Unknown Source)
W/System.err( 3955): 	at android.os.Handler.dispatchMessage(Handler.java:102)
W/System.err( 3955): 	at android.os.Looper.loop(Looper.java:135)
W/System.err( 3955): 	at android.os.HandlerThread.run(HandlerThread.java:61)
D/OfflineTTS( 3955): initTTSEngine: modelPath /data/data/cn.yunzhisheng.voizard/files
D/TalkService( 3955): TTS version:1.3.51
D/TalkService( 3955): setUserData
E/USC_OFFLINE_TTS( 3955): USCAsyncTask:[Ljava.lang.Object;@2daceb1e
D/WakeUpRecordingThread( 3955): AudioRecord recording...
D/WakeUpRecognitionThread( 3955): Juc recognize: result 2001-01-07 17-50-14 627:Juc recognize result:
D/WakeUpRecognitionThread( 3955): ; recognizeCode = 0
I/art     ( 3033): Heap transition to ProcessStateJankPerceptible took 13.992ms expanded 56KB
D/RecognizerTalk( 3955): setUserData Start
D/RecognizerTalk( 3955): set data:Apps
D/WakeUpRecordingThread( 3955): AudioRecord recording...
D/WakeUpRecognitionThread( 3955): Juc recognize: result 2001-01-07 17-50-14 723:Juc recognize result:
D/WakeUpRecognitionThread( 3955): ; recognizeCode = 0
D/RecognizerTalk( 3955): set data:Contact
D/RecognizerTalk( 3955): set net user data
D/Recognizer( 3955): setNetUserData:netUserData {}
D/RecognizerTalk( 3955): compile fix user data
D/RecognizerTalk( 3955): compileFixData isLoadMode:true; isDataReady: true; isCompileFixData:false
D/RecognizerTalk( 3955): compileFixData5 start
D/TalkService( 3955): onRecordingStop
D/RecognizerTalk( 3955): tag start:call
D/RecognizerTalk( 3955): in compile
D/RecognizerTalk( 3955): tag:call
D/RecognizerTalk( 3955): path:/storage/emulated/0/YunZhiSheng/voizard/debug/grammar/call.dat
D/WakeUpRecordingThread( 3955): AudioRecord recording...
D/WakeUpRecognitionThread( 3955): Juc recognize: result 2001-01-07 17-50-14 824:Juc recognize result:
D/WakeUpRecognitionThread( 3955): ; recognizeCode = 0
I/ActivityManager( 2584): Saving task=TaskRecord{11981d37 #1020 A=cn.yunzhisheng.voizard U=0 sz=2}
I/TTS_LOG ( 3955): PACKAGE NAME: cn.yunzhisheng.voizard
I/TTS_LOG ( 3955): Model PATH: /data/data/cn.yunzhisheng.voizard/files/YunZhiSheng/offline/tts/models/
D/WakeUpRecordingThread( 3955): AudioRecord recording...
D/WakeUpRecognitionThread( 3955): Juc recognize: result 2001-01-07 17-50-14 912:Juc recognize result:
D/WakeUpRecognitionThread( 3955): ; recognizeCode = 0
I/SensorService( 2584): Write failure in non-batch mode
D/AudioIntelHAL( 2281): stopStream: output stream
D/EVENT_THREAD( 2281): void CEventThread::trig(uint16_t): in
D/EVENT_THREAD( 2281): void CEventThread::trig(uint16_t): out
D/RouteManager( 2281): doReconsiderRouting: Route state:
D/RouteManager( 2281): 	-Previously Enabled Route in Input = Media|HwCodec0IA
D/RouteManager( 2281): 	-Previously Enabled Route in Output = Media|HwCodec0IA
D/RouteManager( 2281): 	-Selected Route in Input = Media|HwCodec0IA
D/RouteManager( 2281): 	-Selected Route in Output = <none>
D/RouteManager( 2281): 		-executeMuteRoutingStage-
D/RouteManager( 2281): 		-executeDisableRoutingStage-
D/TinyAlsaAudioDevice( 2281): close
D/RouteManager( 2281): 		-executeConfigureRoutingStage-
D/RouteManager( 2281): 		-executeEnableRoutingStage-
D/RouteManager( 2281): 		-executeUnmuteRoutingStage
D/RouteManager( 2281): doReconsiderRouting: DONE
D/EVENT_THREAD( 2281): void CEventThread::run() Do poll with timeout: -1
D/WakeUpRecordingThread( 3955): AudioRecord recording...
D/WakeUpRecognitionThread( 3955): Juc recognize: result 2001-01-07 17-50-15 006:Juc recognize result:
D/WakeUpRecognitionThread( 3955): ; recognizeCode = 0
D/WakeUpRecordingThread( 3955): AudioRecord recording...
D/WakeUpRecognitionThread( 3955): Juc recognize: result 2001-01-07 17-50-15 126:Juc recognize result:
D/WakeUpRecognitionThread( 3955): ; recognizeCode = 0
D/WakeUpRecordingThread( 3955): AudioRecord recording...
D/WakeUpRecognitionThread( 3955): Juc recognize: result 2001-01-07 17-50-15 274:Juc recognize result:
D/WakeUpRecognitionThread( 3955): ; recognizeCode = 0
D/WakeUpRecordingThread( 3955): AudioRecord recording...
D/WakeUpRecognitionThread( 3955): Juc recognize: result 2001-01-07 17-50-15 322:Juc recognize result:
D/WakeUpRecognitionThread( 3955): ; recognizeCode = 0
D/WakeUpRecordingThread( 3955): AudioRecord recording...
D/WakeUpRecognitionThread( 3955): Juc recognize: result 2001-01-07 17-50-15 436:Juc recognize result:
D/WakeUpRecognitionThread( 3955): ; recognizeCode = 0
I/SensorService( 2584): Write failure in non-batch mode
D/WakeUpRecordingThread( 3955): AudioRecord recording...
D/WakeUpRecognitionThread( 3955): Juc recognize: result 2001-01-07 17-50-15 532:Juc recognize result:
D/WakeUpRecognitionThread( 3955): ; recognizeCode = 0
D/WakeUpRecordingThread( 3955): AudioRecord recording...
D/WakeUpRecognitionThread( 3955): Juc recognize: result 2001-01-07 17-50-15 616:Juc recognize result:
D/WakeUpRecognitionThread( 3955): ; recognizeCode = 0
D/WakeUpRecordingThread( 3955): AudioRecord recording...
D/WakeUpRecognitionThread( 3955): Juc recognize: result 2001-01-07 17-50-15 743:Juc recognize result:
D/WakeUpRecognitionThread( 3955): ; recognizeCode = 0
D/RecognizerTalk( 3955): saveGrammarData:key call,file /storage/emulated/0/YunZhiSheng/voizard/debug/grammar/call.dat,data |<Contact>|cccc|</Contact>||
D/RecognizerTalk( 3955): saveGrammarResume
D/RecognizerTalk( 3955): saveGrammarResume
D/WakeUpRecordingThread( 3955): AudioRecord recording...
D/WakeUpRecognitionThread( 3955): Juc recognize: result 2001-01-07 17-50-15 834:Juc recognize result:
D/WakeUpRecognitionThread( 3955): ; recognizeCode = 0
D/RecognizerTalk( 3955): saveGrammarResume done!
D/RecognizerTalk( 3955): resetGrammarModel tag:call; path:/storage/emulated/0/YunZhiSheng/voizard/debug/grammar/call.dat
D/Recognizer( 3955): resetGrammarModel model:/storage/emulated/0/YunZhiSheng/voizard/debug/grammar/call.dat
D/Recognizer( 3955): resetGrammarModel error:0
D/RecognizerTalk( 3955): Recognizer resetGrammarModel done
D/RecognizerTalk( 3955): saveGrammarData:key call,file /storage/emulated/0/YunZhiSheng/voizard/debug/grammar/call.dat,data null
D/RecognizerTalk( 3955): saveGrammarResume
D/RecognizerTalk( 3955): saveGrammarResume
I/libgps  ( 2584): proxy_agps_ril_request_setid_cb: flags(1)
D/WakeUpRecordingThread( 3955): AudioRecord recording...
D/WakeUpRecognitionThread( 3955): Juc recognize: result 2001-01-07 17-50-15 929:Juc recognize result:
D/WakeUpRecognitionThread( 3955): ; recognizeCode = 0
W/ActivityManager( 2584): getRecentTasks: caller 10086 does not hold GET_TASKS; limiting output
W/ActivityManager( 2584): getTasks: caller 10086 does not hold GET_TASKS; limiting output
D/WindowService( 3955): startMonitor
D/WindowService( 3955): requestStartWakeup
D/WindowService( 3955): startWakeup
D/WakeUpRecognizer( 3955): start
W/WakeUpRecognizer( 3955): Recording has already been started.
D/WindowService( 3955): requestStartWakeup
D/WindowService( 3955): startWakeup
D/WakeUpRecognizer( 3955): start
W/WakeUpRecognizer( 3955): Recording has already been started.
I/Choreographer( 2654): Skipped 68 frames!  The application may be doing too much work on its main thread.
I/Choreographer( 3955): Skipped 42 frames!  The application may be doing too much work on its main thread.
E/GCM     ( 3138): GCM failed to read backup checkin config, checkin may have failed
W/GCM     ( 3138): GCM FAILED TO INITIALIZE - missing checkin
W/GCM     ( 3138): GCM registration failed: invalid or missing checkin null
E/GCM     ( 3138): GCM failed to read backup checkin config, checkin may have failed
W/GCM     ( 3138): GCM FAILED TO INITIALIZE - missing checkin
W/GCM     ( 3138): GCM registration failed: invalid or missing checkin null
D/WakeUpRecordingThread( 3955): AudioRecord recording...
D/WakeUpRecognitionThread( 3955): Juc recognize: result 2001-01-07 17-50-16 017:Juc recognize result:
D/WakeUpRecognitionThread( 3955): ; recognizeCode = 0
W/YouTube ( 3757): apps.youtube.app.notification.d.a:33 Could not register with GCM: 
W/YouTube ( 3757): java.io.IOException: AUTHENTICATION_FAILED
W/YouTube ( 3757): 	at com.google.android.gms.a.a.a(Unknown Source)
W/YouTube ( 3757): 	at com.google.android.apps.youtube.app.notification.d.a(SourceFile:33)
W/YouTube ( 3757): 	at com.google.android.apps.youtube.app.notification.e.run(SourceFile:76)
W/YouTube ( 3757): 	at java.util.concurrent.Executors$RunnableAdapter.call(Executors.java:422)
W/YouTube ( 3757): 	at java.util.concurrent.FutureTask.run(FutureTask.java:237)
W/YouTube ( 3757): 	at java.util.concurrent.ScheduledThreadPoolExecutor$ScheduledFutureTask.access$201(ScheduledThreadPoolExecutor.java:152)
W/YouTube ( 3757): 	at java.util.concurrent.ScheduledThreadPoolExecutor$ScheduledFutureTask.run(ScheduledThreadPoolExecutor.java:265)
W/YouTube ( 3757): 	at java.util.concurrent.ThreadPoolExecutor.runWorker(ThreadPoolExecutor.java:1112)
W/YouTube ( 3757): 	at java.util.concurrent.ThreadPoolExecutor$Worker.run(ThreadPoolExecutor.java:587)
W/YouTube ( 3757): 	at java.lang.Thread.run(Thread.java:818)
I/YouTube ( 3757): apps.youtube.core.async.x.a:72 Sleeping thread for 12809ms
D/WakeUpRecordingThread( 3955): AudioRecord recording...
D/WakeUpRecognitionThread( 3955): Juc recognize: result 2001-01-07 17-50-16 118:Juc recognize result:
D/WakeUpRecognitionThread( 3955): ; recognizeCode = 0
D/libgps  ( 2584): CALL_SENTRY(lib): WriteIpc(LIBGPS->GPSD) took 194 ms (from 87579 to 87773) (logOverhead=0,0,0), start: 17:50:15.895
D/gpsd    ( 2288): CALL_SENTRY(helper()): WriteIpc(GPSD->LIBGPS) took 195 ms (from 87577 to 87772) (logOverhead=0,0,0), start: 17:50:15.894
D/gpsd    ( 2288): CALL_SENTRY(helper()): agps_ril_request_setid_blocking took 241 ms (from 87577 to 87818) (logOverhead=0,0,0), start: 17:50:15.893
D/WakeUpRecordingThread( 3955): AudioRecord recording...
D/WakeUpRecognitionThread( 3955): Juc recognize: result 2001-01-07 17-50-16 235:Juc recognize result:
D/WakeUpRecognitionThread( 3955): ; recognizeCode = 0
D/WakeUpRecordingThread( 3955): AudioRecord recording...
D/WakeUpRecognitionThread( 3955): Juc recognize: result 2001-01-07 17-50-16 345:Juc recognize result:
D/WakeUpRecognitionThread( 3955): ; recognizeCode = 0
D/InitAlarmsService( 3631): Clearing and rescheduling alarms.
D/WakeUpRecordingThread( 3955): AudioRecord recording...
I/ActivityManager( 2584): Killing 3002:com.android.printspooler/u0a62 (adj 15): empty #17
D/WakeUpRecognitionThread( 3955): Juc recognize: result 2001-01-07 17-50-16 435:Juc recognize result:
D/WakeUpRecognitionThread( 3955): ; recognizeCode = 0
I/ActivityManager( 2584): Saving task=TaskRecord{11981d37 #1020 A=cn.yunzhisheng.voizard U=0 sz=2}
D/WakeUpRecordingThread( 3955): AudioRecord recording...
D/WakeUpRecognitionThread( 3955): Juc recognize: result 2001-01-07 17-50-16 527:Juc recognize result:
D/WakeUpRecognitionThread( 3955): ; recognizeCode = 0
D/WakeUpRecordingThread( 3955): AudioRecord recording...
D/WakeUpRecognitionThread( 3955): Juc recognize: result 2001-01-07 17-50-16 656:Juc recognize result:
D/WakeUpRecognitionThread( 3955): ; recognizeCode = 0
D/WakeUpRecordingThread( 3955): AudioRecord recording...
D/WakeUpRecognitionThread( 3955): Juc recognize: result 2001-01-07 17-50-16 714:Juc recognize result:
D/WakeUpRecognitionThread( 3955): ; recognizeCode = 0
D/WakeUpRecordingThread( 3955): AudioRecord recording...
D/WakeUpRecognitionThread( 3955): Juc recognize: result 2001-01-07 17-50-16 816:Juc recognize result:
D/WakeUpRecognitionThread( 3955): ; recognizeCode = 0
D/WakeUpRecordingThread( 3955): AudioRecord recording...
D/WakeUpRecognitionThread( 3955): Juc recognize: result 2001-01-07 17-50-16 933:Juc recognize result:
D/WakeUpRecognitionThread( 3955): ; recognizeCode = 0
D/WakeUpRecordingThread( 3955): AudioRecord recording...
D/WakeUpRecognitionThread( 3955): Juc recognize: result 2001-01-07 17-50-17 036:Juc recognize result:
D/WakeUpRecognitionThread( 3955): ; recognizeCode = 0
W/ActivityManager( 2584): getRecentTasks: caller 10086 does not hold GET_TASKS; limiting output
W/ActivityManager( 2584): getTasks: caller 10086 does not hold GET_TASKS; limiting output
D/WindowService( 3955): startMonitor
D/WindowService( 3955): requestStartWakeup
D/WindowService( 3955): startWakeup
D/WakeUpRecognizer( 3955): start
W/WakeUpRecognizer( 3955): Recording has already been started.
D/WindowService( 3955): requestStartWakeup
D/WindowService( 3955): startWakeup
D/WakeUpRecognizer( 3955): start
W/WakeUpRecognizer( 3955): Recording has already been started.
D/WakeUpRecordingThread( 3955): AudioRecord recording...
D/RecognizerTalk( 3955): saveGrammarResume done!
D/RecognizerTalk( 3955): tag start:message
D/RecognizerTalk( 3955): in compile
D/RecognizerTalk( 3955): tag:message
D/RecognizerTalk( 3955): path:/storage/emulated/0/YunZhiSheng/voizard/debug/grammar/message.dat
D/WakeUpRecognitionThread( 3955): Juc recognize: result 2001-01-07 17-50-17 186:Juc recognize result:
D/WakeUpRecognitionThread( 3955): ; recognizeCode = 0
D/WakeUpRecordingThread( 3955): AudioRecord recording...
D/WakeUpRecognitionThread( 3955): Juc recognize: result 2001-01-07 17-50-17 223:Juc recognize result:
D/WakeUpRecognitionThread( 3955): ; recognizeCode = 0
D/WakeUpRecordingThread( 3955): AudioRecord recording...
D/WakeUpRecognitionThread( 3955): Juc recognize: result 2001-01-07 17-50-17 320:Juc recognize result:
D/WakeUpRecognitionThread( 3955): ; recognizeCode = 0
D/WakeUpRecordingThread( 3955): AudioRecord recording...
D/WakeUpRecognitionThread( 3955): Juc recognize: result 2001-01-07 17-50-17 415:Juc recognize result:
D/WakeUpRecognitionThread( 3955): ; recognizeCode = 0
D/WakeUpRecordingThread( 3955): AudioRecord recording...
I/art     ( 2676): Heap transition to ProcessStateJankImperceptible took 41.764ms saved at least 482KB
D/RecognizerTalk( 3955): saveGrammarData:key message,file /storage/emulated/0/YunZhiSheng/voizard/debug/grammar/message.dat,data |<Contact>|cccc|</Contact>||
D/RecognizerTalk( 3955): saveGrammarResume
D/RecognizerTalk( 3955): saveGrammarResume
D/RecognizerTalk( 3955): saveGrammarResume done!
D/RecognizerTalk( 3955): resetGrammarModel tag:message; path:/storage/emulated/0/YunZhiSheng/voizard/debug/grammar/message.dat
D/Recognizer( 3955): resetGrammarModel model:/storage/emulated/0/YunZhiSheng/voizard/debug/grammar/message.dat
D/Recognizer( 3955): resetGrammarModel error:0
D/RecognizerTalk( 3955): Recognizer resetGrammarModel done
D/RecognizerTalk( 3955): saveGrammarData:key message,file /storage/emulated/0/YunZhiSheng/voizard/debug/grammar/message.dat,data null
D/RecognizerTalk( 3955): saveGrammarResume
D/RecognizerTalk( 3955): saveGrammarResume
D/RecognizerTalk( 3955): saveGrammarResume done!
D/RecognizerTalk( 3955): tag start:app
E/wakeup  ( 3955): kws = 1
D/WakeUpRecognitionThread( 3955): Juc recognize: result 2001-01-07 17-50-17 601:Juc recognize result:,-12.2
D/WakeUpRecognitionThread( 3955): ; recognizeCode = 0
D/WakeUpRecordingThread( 3955): AudioRecord recording...
D/WakeUpRecognitionThread( 3955): Juc recognize: result 2001-01-07 17-50-17 638:Juc recognize result:
D/WakeUpRecognitionThread( 3955): ; recognizeCode = 0
D/RecognizerTalk( 3955): in compile
D/RecognizerTalk( 3955): tag:app
D/RecognizerTalk( 3955): path:/storage/emulated/0/YunZhiSheng/voizard/debug/grammar/app.dat
D/WakeUpRecordingThread( 3955): AudioRecord recording...
D/WakeUpRecognitionThread( 3955): Juc recognize: result 2001-01-07 17-50-17 735:Juc recognize result:
D/WakeUpRecognitionThread( 3955): ; recognizeCode = 0
D/WakeUpRecordingThread( 3955): AudioRecord recording...
D/WakeUpRecognitionThread( 3955): Juc recognize: result 2001-01-07 17-50-17 829:Juc recognize result:
D/WakeUpRecognitionThread( 3955): ; recognizeCode = 0
D/WakeUpRecordingThread( 3955): AudioRecord recording...
D/WakeUpRecognitionThread( 3955): Juc recognize: result 2001-01-07 17-50-17 937:Juc recognize result:
D/WakeUpRecognitionThread( 3955): ; recognizeCode = 0
D/WakeUpRecordingThread( 3955): AudioRecord recording...
D/WakeUpRecognitionThread( 3955): Juc recognize: result 2001-01-07 17-50-18 027:Juc recognize result:
D/WakeUpRecognitionThread( 3955): ; recognizeCode = 0
W/ActivityManager( 2584): getRecentTasks: caller 10086 does not hold GET_TASKS; limiting output
W/ActivityManager( 2584): getTasks: caller 10086 does not hold GET_TASKS; limiting output
D/WindowService( 3955): startMonitor
D/WindowService( 3955): requestStartWakeup
D/WindowService( 3955): startWakeup
D/WakeUpRecognizer( 3955): start
W/WakeUpRecognizer( 3955): Recording has already been started.
D/WindowService( 3955): requestStartWakeup
D/WindowService( 3955): startWakeup
D/WakeUpRecognizer( 3955): start
W/WakeUpRecognizer( 3955): Recording has already been started.
D/WakeUpRecordingThread( 3955): AudioRecord recording...
D/WakeUpRecognitionThread( 3955): Juc recognize: result 2001-01-07 17-50-18 141:Juc recognize result:
D/WakeUpRecognitionThread( 3955): ; recognizeCode = 0
D/RecognizerTalk( 3955): saveGrammarData:key app,file /storage/emulated/0/YunZhiSheng/voizard/debug/grammar/app.dat,data |<Apps>|PlayBooks||Google+|Chrome|WiFiTetherRouter|Contacts|||Calendar|GoogleSettings||||Gallery|||PlayNewsstand||cccc|||Browser|Clock|Settings|Flipagram||Gmail|GOLauncherEX|VoiceSearch|Camera|PlayGames|||UiAutomatorTests|KeepSafe|Downloads|Drive||Calculator|PlayMovies&TV|RiptideGP2||Email||TerminalEmulator|PlayStore||Photos|PlayMusic||Maps||ReplicaIsland|PortableWi-Fihotspot||YouTube|Google|SurvivalcraftDemo|</Apps>||
D/RecognizerTalk( 3955): saveGrammarResume
D/RecognizerTalk( 3955): saveGrammarResume
D/RecognizerTalk( 3955): saveGrammarResume done!
D/RecognizerTalk( 3955): resetGrammarModel tag:app; path:/storage/emulated/0/YunZhiSheng/voizard/debug/grammar/app.dat
D/Recognizer( 3955): resetGrammarModel model:/storage/emulated/0/YunZhiSheng/voizard/debug/grammar/app.dat
D/Recognizer( 3955): resetGrammarModel error:0
D/RecognizerTalk( 3955): Recognizer resetGrammarModel done
D/RecognizerTalk( 3955): saveGrammarData:key app,file /storage/emulated/0/YunZhiSheng/voizard/debug/grammar/app.dat,data null
D/RecognizerTalk( 3955): saveGrammarResume
D/RecognizerTalk( 3955): saveGrammarResume
D/RecognizerTalk( 3955): saveGrammarResume done!
D/RecognizerTalk( 3955): tag start:setting
D/WakeUpRecordingThread( 3955): AudioRecord recording...
D/WakeUpRecognitionThread( 3955): Juc recognize: result 2001-01-07 17-50-18 247:Juc recognize result:
D/WakeUpRecognitionThread( 3955): ; recognizeCode = 0
D/PROPERTY( 2281): get media.dump_output.befconv: 0
D/PROPERTY( 2281): get media.dump_output.aftconv: 0
D/AudioIntelHAL( 2281): startStream: output stream
D/EVENT_THREAD( 2281): void CEventThread::trig(uint16_t): in
D/EVENT_THREAD( 2281): void CEventThread::trig(uint16_t): out
D/RouteManager( 2281): doReconsiderRouting: Route state:
D/RouteManager( 2281): 	-Previously Enabled Route in Input = Media|HwCodec0IA
D/RouteManager( 2281): 	-Previously Enabled Route in Output = <none>
D/RouteManager( 2281): 	-Selected Route in Input = Media|HwCodec0IA
D/RouteManager( 2281): 	-Selected Route in Output = Media|HwCodec0IA
D/RouteManager( 2281): 		-executeMuteRoutingStage-
D/RouteManager( 2281): 		-executeDisableRoutingStage-
D/RouteManager( 2281): 		-executeConfigureRoutingStage-
D/RouteManager( 2281): 		-executeEnableRoutingStage-
D/TinyAlsaAudioDevice( 2281): open card (bytcrrt5640,0) with config (rate(48000), format(0), channels(2))
D/TinyAlsaAudioDevice( 2281): open	 RingBuffer config: periodSize=1024, nbPeriod=4 startTh=0, stop Th=0 silence Th=0
I/ActivityManager( 2584): START u0 {act=android.intent.action.MAIN cat=[android.intent.category.HOME] flg=0x10200000 cmp=com.android.launcher/com.android.launcher2.Launcher} from pid 2584 on display 0
D/PermissionCache( 2277): checking android.permission.READ_FRAME_BUFFER for uid=1000 => granted (256 us)
D/AudioConversion( 2281): configure: no convertion required
D/RouteManager( 2281): 		-executeUnmuteRoutingStage
W/InputDispatcher( 2627): type=1400 audit(0.0:71): avc: denied { ioctl } for path="/dev/dri/card0" dev="tmpfs" ino=9575 scontext=u:r:system_server:s0 tcontext=u:object_r:device:s0 tclass=chr_file
D/RouteManager( 2281): doReconsiderRouting: DONE
D/EVENT_THREAD( 2281): void CEventThread::run() Do poll with timeout: -1
W/InputDispatcher( 2627): type=1400 audit(0.0:72): avc: denied { read write } for path=2F64726D206D6D206F626A656374202864656C6574656429 dev="tmpfs" ino=16740 scontext=u:r:system_server:s0 tcontext=u:object_r:surfaceflinger_tmpfs:s0 tclass=file
D/RecognizerTalk( 3955): in compile
D/RecognizerTalk( 3955): tag:setting
D/RecognizerTalk( 3955): path:/storage/emulated/0/YunZhiSheng/voizard/debug/grammar/setting.dat
D/WakeUpRecordingThread( 3955): AudioRecord recording...
D/WakeUpRecognitionThread( 3955): Juc recognize: result 2001-01-07 17-50-18 327:Juc recognize result:
D/WakeUpRecognitionThread( 3955): ; recognizeCode = 0
I/art     ( 2676): Heap transition to ProcessStateJankPerceptible took 24.832ms expanded 173KB
D/        ( 2676): Pixel Format : GGL_PIXEL_FORMAT_RGBA_8888
D/WakeUpRecordingThread( 3955): AudioRecord recording...
D/WakeUpRecognitionThread( 3955): Juc recognize: result 2001-01-07 17-50-18 417:Juc recognize result:
D/WakeUpRecognitionThread( 3955): ; recognizeCode = 0
D/WakeUpRecordingThread( 3955): AudioRecord recording...
D/WakeUpRecognitionThread( 3955): Juc recognize: result 2001-01-07 17-50-18 542:Juc recognize result:
D/WakeUpRecognitionThread( 3955): ; recognizeCode = 0
D/WakeUpRecordingThread( 3955): AudioRecord recording...
D/WakeUpRecognitionThread( 3955): Juc recognize: result 2001-01-07 17-50-18 627:Juc recognize result:
D/WakeUpRecognitionThread( 3955): ; recognizeCode = 0
D/WakeUpRecordingThread( 3955): AudioRecord recording...
D/WakeUpRecognitionThread( 3955): Juc recognize: result 2001-01-07 17-50-18 759:Juc recognize result:
D/WakeUpRecognitionThread( 3955): ; recognizeCode = 0
D/WakeUpRecordingThread( 3955): AudioRecord recording...
D/WakeUpRecognitionThread( 3955): Juc recognize: result 2001-01-07 17-50-18 832:Juc recognize result:
D/WakeUpRecognitionThread( 3955): ; recognizeCode = 0
D/RecognizerTalk( 3955): saveGrammarData:key setting,file /storage/emulated/0/YunZhiSheng/voizard/debug/grammar/setting.dat,data |<Setting>||||||||WIFI|WIFI||||||||||||||||APN|cccc||||SD||2G|||2G||||GPRS|WIFI||GPRS|||E|||||3G|||E|||||||WIFI|||||WIFI||||||||||||||3G||</Setting>||
D/RecognizerTalk( 3955): saveGrammarResume
D/RecognizerTalk( 3955): saveGrammarResume
D/RecognizerTalk( 3955): saveGrammarResume done!
D/RecognizerTalk( 3955): resetGrammarModel tag:setting; path:/storage/emulated/0/YunZhiSheng/voizard/debug/grammar/setting.dat
D/Recognizer( 3955): resetGrammarModel model:/storage/emulated/0/YunZhiSheng/voizard/debug/grammar/setting.dat
D/Recognizer( 3955): resetGrammarModel error:0
D/RecognizerTalk( 3955): Recognizer resetGrammarModel done
D/RecognizerTalk( 3955): saveGrammarData:key setting,file /storage/emulated/0/YunZhiSheng/voizard/debug/grammar/setting.dat,data null
D/RecognizerTalk( 3955): saveGrammarResume
D/RecognizerTalk( 3955): saveGrammarResume
D/RecognizerTalk( 3955): saveGrammarResume done!
D/RecognizerTalk( 3955): tag start:custom
D/RecognizerTalk( 3955): in compile
D/RecognizerTalk( 3955): setUserData Finish
D/TalkService( 3955): onUserDataCompileDone
D/WakeUpRecordingThread( 3955): AudioRecord recording...
D/WakeUpRecognitionThread( 3955): Juc recognize: result 2001-01-07 17-50-18 934:Juc recognize result:
D/WakeUpRecognitionThread( 3955): ; recognizeCode = 0
D/WakeUpRecordingThread( 3955): AudioRecord recording...
D/WakeUpRecognitionThread( 3955): Juc recognize: result 2001-01-07 17-50-19 029:Juc recognize result:
D/WakeUpRecognitionThread( 3955): ; recognizeCode = 0
W/ActivityManager( 2584): getRecentTasks: caller 10086 does not hold GET_TASKS; limiting output
W/ActivityManager( 2584): getTasks: caller 10086 does not hold GET_TASKS; limiting output
D/WindowService( 3955): addFloatWindow
D/WindowService( 3955): startMonitor
D/WindowService( 3955): requestStartWakeup
D/WindowService( 3955): startWakeup
D/WakeUpRecognizer( 3955): start
W/WakeUpRecognizer( 3955): Recording has already been started.
D/WindowService( 3955): requestStartWakeup
D/WindowService( 3955): startWakeup
D/WakeUpRecognizer( 3955): start
W/WakeUpRecognizer( 3955): Recording has already been started.
D/WakeUpRecordingThread( 3955): AudioRecord recording...
D/WakeUpRecognitionThread( 3955): Juc recognize: result 2001-01-07 17-50-19 120:Juc recognize result:
D/WakeUpRecognitionThread( 3955): ; recognizeCode = 0
D/WakeUpRecordingThread( 3955): AudioRecord recording...
E/wakeup  ( 3955): kws = 0
D/WakeUpRecognitionThread( 3955): Juc recognize: result 2001-01-07 17-50-19 215:Juc recognize result:
D/WakeUpRecognitionThread( 3955): ; recognizeCode = 0
D/WakeUpRecordingThread( 3955): AudioRecord recording...
D/WakeUpRecognitionThread( 3955): Juc recognize: result 2001-01-07 17-50-19 334:Juc recognize result:
D/WakeUpRecognitionThread( 3955): ; recognizeCode = 0
D/WakeUpRecordingThread( 3955): AudioRecord recording...
D/WakeUpRecognitionThread( 3955): Juc recognize: result 2001-01-07 17-50-19 433:Juc recognize result:
D/WakeUpRecognitionThread( 3955): ; recognizeCode = 0
D/WakeUpRecordingThread( 3955): AudioRecord recording...
D/WakeUpRecognitionThread( 3955): Juc recognize: result 2001-01-07 17-50-19 532:Juc recognize result:
D/WakeUpRecognitionThread( 3955): ; recognizeCode = 0
D/WakeUpRecordingThread( 3955): AudioRecord recording...
D/WakeUpRecognitionThread( 3955): Juc recognize: result 2001-01-07 17-50-19 632:Juc recognize result:
D/WakeUpRecognitionThread( 3955): ; recognizeCode = 0
I/art     ( 3033): Heap transition to ProcessStateJankImperceptible took 9.441ms saved at least 86KB
D/WakeUpRecordingThread( 3955): AudioRecord recording...
D/WakeUpRecognitionThread( 3955): Juc recognize: result 2001-01-07 17-50-19 728:Juc recognize result:
D/WakeUpRecognitionThread( 3955): ; recognizeCode = 0
D/WakeUpRecordingThread( 3955): AudioRecord recording...
D/WakeUpRecognitionThread( 3955): Juc recognize: result 2001-01-07 17-50-19 814:Juc recognize result:
D/WakeUpRecognitionThread( 3955): ; recognizeCode = 0
D/WakeUpRecordingThread( 3955): AudioRecord recording...
D/WakeUpRecognitionThread( 3955): Juc recognize: result 2001-01-07 17-50-19 937:Juc recognize result:
D/WakeUpRecognitionThread( 3955): ; recognizeCode = 0
D/WakeUpRecordingThread( 3955): AudioRecord recording...
D/WakeUpRecognitionThread( 3955): Juc recognize: result 2001-01-07 17-50-20 036:Juc recognize result:
D/WakeUpRecognitionThread( 3955): ; recognizeCode = 0
W/ActivityManager( 2584): getRecentTasks: caller 10086 does not hold GET_TASKS; limiting output
W/ActivityManager( 2584): getTasks: caller 10086 does not hold GET_TASKS; limiting output
D/WindowService( 3955): startMonitor
D/WindowService( 3955): requestStartWakeup
D/WindowService( 3955): startWakeup
D/WakeUpRecognizer( 3955): start
W/WakeUpRecognizer( 3955): Recording has already been started.
D/WindowService( 3955): requestStartWakeup
D/WindowService( 3955): startWakeup
D/WakeUpRecognizer( 3955): start
W/WakeUpRecognizer( 3955): Recording has already been started.
D/WakeUpRecordingThread( 3955): AudioRecord recording...
D/WakeUpRecognitionThread( 3955): Juc recognize: result 2001-01-07 17-50-20 129:Juc recognize result:
D/WakeUpRecognitionThread( 3955): ; recognizeCode = 0
D/WakeUpRecordingThread( 3955): AudioRecord recording...
D/WakeUpRecognitionThread( 3955): Juc recognize: result 2001-01-07 17-50-20 223:Juc recognize result:
D/WakeUpRecognitionThread( 3955): ; recognizeCode = 0
D/WakeUpRecordingThread( 3955): AudioRecord recording...
D/WakeUpRecognitionThread( 3955): Juc recognize: result 2001-01-07 17-50-20 320:Juc recognize result:
D/WakeUpRecognitionThread( 3955): ; recognizeCode = 0
D/WakeUpRecordingThread( 3955): AudioRecord recording...
D/WakeUpRecognitionThread( 3955): Juc recognize: result 2001-01-07 17-50-20 413:Juc recognize result:
D/WakeUpRecognitionThread( 3955): ; recognizeCode = 0
D/WakeUpRecordingThread( 3955): AudioRecord recording...
D/WakeUpRecognitionThread( 3955): Juc recognize: result 2001-01-07 17-50-20 535:Juc recognize result:
D/WakeUpRecognitionThread( 3955): ; recognizeCode = 0
D/WakeUpRecordingThread( 3955): AudioRecord recording...
D/WakeUpRecordingThread( 3955): AudioRecord recording...
E/wakeup  ( 3955): kws = 0
D/WakeUpRecognitionThread( 3955): Juc recognize: result 2001-01-07 17-50-20 752:Juc recognize result:
D/WakeUpRecognitionThread( 3955): ; recognizeCode = 0
D/WakeUpRecognitionThread( 3955): Juc recognize: result 2001-01-07 17-50-20 757:Juc recognize result:
D/WakeUpRecognitionThread( 3955): ; recognizeCode = 0
D/WakeUpRecordingThread( 3955): AudioRecord recording...
D/WakeUpRecognitionThread( 3955): Juc recognize: result 2001-01-07 17-50-20 850:Juc recognize result:
D/WakeUpRecognitionThread( 3955): ; recognizeCode = 0
D/WakeUpRecordingThread( 3955): AudioRecord recording...
