W/system_server( 2929): type=1400 audit(0.0:39): avc: denied { setattr } for name=".flp.interface.pipe.to_gpsd" dev="mmcblk0p9" ino=170694 scontext=u:r:system_server:s0 tcontext=u:object_r:gps_data_file:s0 tclass=fifo_file
W/system_server( 2929): type=1400 audit(0.0:40): avc: denied { write } for name=".flp.interface.pipe.to_gpsd" dev="mmcblk0p9" ino=170694 scontext=u:r:system_server:s0 tcontext=u:object_r:gps_data_file:s0 tclass=fifo_file
W/system_server( 2929): type=1400 audit(0.0:41): avc: denied { open } for path="/data/gps/.flp.interface.pipe.to_gpsd" dev="mmcblk0p9" ino=170694 scontext=u:r:system_server:s0 tcontext=u:object_r:gps_data_file:s0 tclass=fifo_file
W/system_server( 2929): type=1400 audit(0.0:42): avc: denied { read } for name=".flp.interface.pipe.to_jni" dev="mmcblk0p9" ino=170695 scontext=u:r:system_server:s0 tcontext=u:object_r:gps_data_file:s0 tclass=fifo_file
V/MDPVORBISDecoderOMX( 2281): onReset: +
V/MDPVORBISDecoderOMX( 2281): onReset: -
E/SimpleSoftOMXComponent( 2281): 1
E/SimpleSoftOMXComponent( 2281): 2
E/SimpleSoftOMXComponent( 2281): 3
V/MDPVORBISDecoderOMX( 2281): ~MDPVORBISDecoderOMX: +
V/MDPVORBISDecoderOMX( 2281): ~MDPVORBISDecoderOMX: UMC Decoder plugin deleted
V/MDPVORBISDecoderOMX( 2281): ~MDPVORBISDecoderOMX: -
V/FlpHardwareProvider( 2584): Callback thread attached: 0xe375e0f0
E/ActivityRecognitionHardware( 2584): Error hw_get_module: -2
E/LocationManagerService( 2584): Hardware Activity-Recognition not supported.
I/CommonTimeManagementService( 2584): No common time service detected on this platform.  Common time services will be unavailable.
I/InputReader( 2584): Reconfiguring input devices.  changes=0x00000020
I/MmsServiceBroker( 2584): Connecting to MmsService
W/ContextImpl( 2584): Calling a method in the system process without a qualified user: android.app.ContextImpl.bindService:1766 com.android.server.MmsServiceBroker.tryConnecting:126 com.android.server.MmsServiceBroker.systemRunning:113 com.android.server.SystemServer$2.run:1183 com.android.server.am.ActivityManagerService.systemReady:10394 
I/InputReader( 2584): Reconfiguring input devices.  changes=0x00000010
I/ActivityManager( 2584): Start proc com.android.phone for service com.android.mms.service/.MmsService: pid=2932 uid=1001 gids={41001, 9997, 3002, 3001, 3003, 1028, 1015} abi=x86
I/LatinIME( 2862): Hardware accelerated drawing: true
I/ActivityManager( 2584): Start proc com.android.phone for added application com.android.phone: pid=2950 uid=1001 gids={41001, 9997, 3002, 3001, 3003, 1028, 1015} abi=x86
I/art     ( 2290): Explicit concurrent mark sweep GC freed 701(30KB) AllocSpace objects, 0(0B) LOS objects, 40% free, 1836KB/2MB, paused 162us total 25.258ms
I/art     ( 2290): Explicit concurrent mark sweep GC freed 5(160B) AllocSpace objects, 0(0B) LOS objects, 40% free, 1836KB/2MB, paused 161us total 23.760ms
I/art     ( 2290): Explicit concurrent mark sweep GC freed 5(160B) AllocSpace objects, 0(0B) LOS objects, 40% free, 1836KB/2MB, paused 160us total 24.263ms
W/ResourceType( 2902): ResTable_typeSpec entry count inconsistent: given 9, previously 1372
W/ResourceType( 2584): Failure getting entry for 0x7f060000 (t=5 e=0) (error -75)
W/InputMethodManagerService( 2584): Skipping input method ComponentInfo{com.android.cts.stub/android.view.inputmethod.cts.InputMethodInfoStub}: it does not require the permission android.permission.BIND_INPUT_METHOD
I/UsageStatsService( 2584): User[0] Rollover scheduled for 2014-09-17 00:00:00
I/wpa_supplicant( 2770): rfkill: Cannot open RFKILL control device
I/wpa_supplicant( 2770): wlan0: CTRL-EVENT-SCAN-STARTED 
I/wpa_supplicant( 2770): wlan0: CTRL-EVENT-REGDOM-CHANGE init=BEACON_HINT type=UNKNOWN
I/wpa_supplicant( 2770): wlan0: CTRL-EVENT-REGDOM-CHANGE init=BEACON_HINT type=UNKNOWN
I/ActivityManager( 2584): Start proc com.android.telecomm for added application com.android.telecomm: pid=2983 uid=1001 gids={41001, 9997, 3002, 3001, 3003, 1028, 1015} abi=x86
I/SystemServer( 2584): Enabled StrictMode for system server main thread.
V/ActivityManager( 2584): Display changed displayId=0
V/ActivityManager( 2584): Display changed displayId=0
D/MtpService( 2725): updating state; isCurrentUser=true, mMtpLocked=true
D/VolumeUI( 2654): Registering volume controller
W/ResourceType( 2676): ResTable_typeSpec entry count inconsistent: given 1, previously 1372
W/ResourceType( 2676): ResTable_typeSpec entry count inconsistent: given 1, previously 1372
W/ResourceType( 2676): ResTable_typeSpec entry count inconsistent: given 9, previously 1372
I/ActivityManager( 2584): Start proc com.android.printspooler for service com.android.printspooler/.model.PrintSpoolerService: pid=3002 uid=10062 gids={50062, 9997} abi=x86
I/ActivityManager( 2584): Saving task=TaskRecord{2d6d2786 #38 A=com.vectorunit.red U=0 sz=0}
D/WifiConfigStore( 2584): Loading config and enabling all networks 
W/ActivityManager( 2584): No pending application record for pid 2932 (IApplicationThread android.app.ApplicationThreadProxy@2ad75494); dropping process
D/MtpService( 2725): starting MTP server in MTP mode
W/InputAttributes( 2862): No editor info for this field. Bug?
E/WifiConfigStore( 2584): Error parsing configuration: java.io.FileNotFoundException: /data/misc/wifi/ipconfig.txt: open failed: ENOENT (No such file or directory)
D/WifiScanningService( 2584): SCAN_AVAILABLE : 1
D/RttService( 2584): SCAN_AVAILABLE : 1
D/WifiScanningService( 2584): DefaultState got{ when=-3ms what=160007 target=com.android.internal.util.StateMachine$SmHandler }
D/RttService( 2584): DefaultState got{ when=-3ms what=160513 target=com.android.internal.util.StateMachine$SmHandler }
W/ResourceType( 2584): ResTable_typeSpec entry count inconsistent: given 9, previously 1372
E/wpa_supplicant( 2770): Unsupported command: BTCOEXSCAN-STOP
E/wpa_supplicant( 2770): Unsupported command: RXFILTER-STOP
E/wpa_supplicant( 2770): Unsupported command: RXFILTER-STOP
D/CommandListener( 2275): Setting iface cfg
D/CommandListener( 2275): Trying to bring up p2p0
D/WifiMonitor( 2584): startMonitoring(p2p0) with mConnected = true
W/ResourceType( 2584): ResTable_typeSpec entry count inconsistent: given 1, previously 1372
I/LatinIME:LogUtils( 2862): Dictionary info: dictionary = UserHistoryDictionary.en_US ; version = 1410505889 ; date = 1410920233
W/ResourceType( 2584): ResTable_typeSpec entry count inconsistent: given 1, previously 1372
I/LatinIME:LogUtils( 2862): Dictionary info: dictionary = userunigram.en_US ; version = 978889773 ; date = ?
I/LatinIME:LogUtils( 2862): Dictionary info: dictionary = PersonalizationDictionary.en_US ; version = 978889773 ; date = ?
I/LatinIME:LogUtils( 2862): Dictionary info: dictionary = contacts.en_US ; version = 978889773 ; date = ?
I/LatinIME:LogUtils( 2862): Dictionary info: dictionary = ContextualDictionary.en_US ; version = 978889773 ; date = ?
I/Choreographer( 2584): Skipped 327 frames!  The application may be doing too much work on its main thread.
W/InputMethodManagerService( 2584): Focus gain on non-focused client android.view.inputmethod.InputMethodManager$1@3b4ad980 (uid=1000 pid=2584)
V/ActivityManager( 2584): Display changed displayId=0
I/ActivityManager( 2584): Start proc android.process.acore for content provider com.android.providers.userdictionary/.UserDictionaryProvider: pid=3033 uid=10003 gids={50003, 9997, 3003, 1028, 1015} abi=x86
V/ActivityManager( 2584): Display changed displayId=0
I/art     ( 3002): Profiler disabled. To enable setprop dalvik.vm.profiler 1.
D/JobSchedulerService( 2584): maybeQueueReadyJobsForExecutionH: Not running anything.
D/JobSchedulerService( 2584): idle=0 connectivity=0 charging=0 tot=0
V/WiredAccessoryManager( 2584): notifyWiredAccessoryChanged: when=0 bits= mask=54
V/WiredAccessoryManager( 2584): newName=h2w newState=0 headsetState=0 prev headsetState=0
E/WiredAccessoryManager( 2584): No state change.
V/WiredAccessoryManager( 2584): init()
I/Choreographer( 2654): Skipped 220 frames!  The application may be doing too much work on its main thread.
D/BluetoothManagerService( 2584): Message: 20
D/BluetoothManagerService( 2584): Added callback: android.bluetooth.IBluetoothManagerCallback$Stub$Proxy@34ead2c0:true
D/BluetoothManagerService( 2584): Message: 300
D/BluetoothManagerService( 2584): MESSAGE_USER_SWITCHED
D/BluetoothManagerService( 2584): Message: 30
D/ACRA    ( 2902): ACRA is enabled for com.gau.go.launcherex, intializing...
D/PermissionCache( 2277): checking android.permission.HARDWARE_TEST for uid=1000 => granted (216 us)
D/ACRA    ( 2902): Looking for error files in /data/data/com.gau.go.launcherex/files
D/NotificationSQLiteLog( 2584): Pruned event entries: 0
D/MmsService( 2950): onCreate
I/PrintSpoolerService( 3002): No existing print spooler state.
D/MmsService( 2950): MmsConfig: mnc/mcc: 0/0
D/MmsService( 2950): MmsConfig: mUserAgent=, mUaProfUrl=
D/MmsService( 2950): MmsConfig.loadFromResources
I/art     ( 2725): Heap transition to ProcessStateJankImperceptible took 100.001ms saved at least 361KB
V/MmsService( 2950): MmsConfig: all settings -- {smsToMmsTextThreshold=-1, httpParams=, maxImageWidth=640, enabledMMS=true, maxImageHeight=480, aliasEnabled=false, maxMessageSize=307200, enableMMSReadReports=false, recipientLimit=-1, enabledNotifyWapMMSC=false, maxSubjectLength=40, smsToMmsTextLengthThreshold=-1, enableMMSDeliveryReports=false, uaProfTagName=x-wap-profile, enableMultipartSMS=true, aliasMinChars=2, supportMmsContentDisposition=true, allowAttachAudio=true, sendMultipartSmsAsSeparateMessages=false, maxMessageTextSize=-1, emailGatewayNumber=, enableGroupMms=true, aliasMaxChars=48, httpSocketTimeout=60000, config_cellBroadcastAppLinks=true, userAgent=Android Messaging, naiSuffix=, uaProfUrl=http://www.gstatic.com/android/hangouts/hangouts_mms_ua_profile.xml, enableSMSDeliveryReports=true, enabledTransID=false}
I/StatusBarManagerService( 2584): registerStatusBar bar=com.android.internal.statusbar.IStatusBar$Stub$Proxy@366ea8fa
I/ActivityManager( 2584): Start proc com.google.android.gms for broadcast com.google.android.gms/com.google.android.location.internal.NlpNetworkProviderSettingsUpdateReceiver: pid=3064 uid=10007 gids={50007, 9997, 2001, 3003, 1007, 3006, 3007, 1028, 1015, 3002, 3001} abi=x86
D/WifiPasspointStateMachine( 2584): handleMessage: E msg.what=164097
V/BackupManagerService( 2584): Connected to transport ComponentInfo{android/com.android.internal.backup.LocalTransportService}
D/WifiPasspointStateMachine( 2584): processMsg: DisabledState
D/WifiPasspointStateMachine( 2584): processMsg: DefaultState
V/BackupManagerService( 2584): Registering transport android/com.android.internal.backup.LocalTransportService::android/com.android.internal.backup.LocalTransport = android.app.backup.BackupTransport$TransportImpl@ff64eab
E/WifiPasspointStateMachine( 2584):  DefaultState CMD_ENABLE_PASSPOINT 0 0 { when=-5ms what=164097 target=com.android.internal.util.StateMachine$SmHandler }
D/WifiPasspointStateMachine( 2584): transitionTo: destState=DiscoveryState
D/WifiPasspointStateMachine( 2584): handleMessage: new destination call exit/enter
D/WifiPasspointStateMachine( 2584): setupTempStateStackWithStatesToEnter: X mTempStateStackCount=2,curStateInfo: state=DefaultState,active=true,parent=null
D/WifiPasspointStateMachine( 2584): invokeExitMethods: DisabledState
D/WifiPasspointStateMachine( 2584): moveTempStackToStateStack: i=1,j=1
D/WifiPasspointStateMachine( 2584): moveTempStackToStateStack: i=0,j=2
D/WifiPasspointStateMachine( 2584): moveTempStackToStateStack: X mStateStackTop=2,startingIndex=1,Top=DiscoveryState
D/WifiPasspointStateMachine( 2584): invokeEnterMethods: EnabledState
D/WifiPasspointStateMachine( 2584): invokeEnterMethods: DiscoveryState
D/WifiPasspointStateMachine( 2584): createCredentialFromTree
D/WifiPasspointStateMachine( 2584): handleMessage: X
D/WifiScanningService( 2584): SCAN_AVAILABLE : 3
D/WifiScanningService( 2584): DefaultState got{ when=0 what=160006 target=com.android.internal.util.StateMachine$SmHandler }
I/WifiNative-HAL( 2584): startHal
D/RttService( 2584): SCAN_AVAILABLE : 3
D/RttService( 2584): DefaultState got{ when=0 what=160512 target=com.android.internal.util.StateMachine$SmHandler }
V/KeyguardServiceDelegate( 2584): *** Keyguard connected (yay!)
W/TelecommManager( 2584): Telecomm Service not found.
D/ZenModeHelper( 2584): Default phone app: null
D/VoldCmdListener( 2165): cryptfs getpw
D/EglContext( 2676): Render dirty regions requested: true
I/wpa_supplicant( 2770): wlan0: CTRL-EVENT-SCAN-STARTED 
E/wifi    ( 2584): getStaticLongField sWifiHalHandle 0xe0654d6c
D/wifi    ( 2584): halHandle = 0x0, mVM = 0xf46603c0, mCls = 0x30078e
I/WifiNative-HAL( 2584): Could not start hal
E/WifiScanningService( 2584): could not start HAL
W/ndroid.launcher( 2676): type=1400 audit(0.0:43): avc: denied { getattr } for path="/dev/dri/card0" dev="tmpfs" ino=9575 scontext=u:r:untrusted_app:s0 tcontext=u:object_r:device:s0 tclass=chr_file
W/ndroid.launcher( 2676): type=1400 audit(0.0:44): avc: denied { read write } for name="card0" dev="tmpfs" ino=9575 scontext=u:r:untrusted_app:s0 tcontext=u:object_r:device:s0 tclass=chr_file
W/ndroid.launcher( 2676): type=1400 audit(0.0:45): avc: denied { open } for path="/dev/dri/card0" dev="tmpfs" ino=9575 scontext=u:r:untrusted_app:s0 tcontext=u:object_r:device:s0 tclass=chr_file
W/ndroid.launcher( 2676): type=1400 audit(0.0:46): avc: denied { ioctl } for path="/dev/dri/card0" dev="tmpfs" ino=9575 scontext=u:r:untrusted_app:s0 tcontext=u:object_r:device:s0 tclass=chr_file
I/ufoGralloc( 2676): Hello, this is UFO GRALLOC/Intel Corporation
D/Atlas   ( 2676): Validating map...
D/VoldCmdListener( 2165): cryptfs clearpw
I/ActivityManager( 2584): Saving task=TaskRecord{2e33e874 #44 A=com.google.android.gallery3d U=0 sz=0}
I/MmsServiceBroker( 2584): MmsService connected
D/WifiNative-HAL( 2584): p2pGetDeviceAddress
D/WifiNative-HAL( 2584): p2pGetDeviceAddress returning ce:d2:9b:72:75:ef
V/ActivityManager( 2584): Display changed displayId=0
I/libgps  ( 2584): recurse_element_names: node type: Element, name: glgps
I/libgps  ( 2584): recurse_element_names: node type: Element, name: hal
I/libgps  ( 2584): recurse_element_names: node type: Element, name: gll
I/libgps  ( 2584): recurse_element_names: found gll XML node
I/libgps  ( 2584): recurse_element_names: FrqPlan: FRQ_PLAN_26MHZ_2PPM
I/libgps  ( 2584): recurse_element_names: RfType: GL_RF_4752_BRCM
I/libgps  ( 2584): GpsHasGeoFence: frqPlan: FRQ_PLAN_26MHZ_2PPM
I/libgps  ( 2584): GpsHasGeoFence: rfType: GL_RF_4752_BRCM
D/libgps  ( 2584): SendGpsExtensionMessage: Waiting for IPC connection...
W/android.bg( 3094): type=1400 audit(0.0:47): avc: denied { setattr } for name=".gps.interface.pipe.to_gpsd" dev="mmcblk0p9" ino=170693 scontext=u:r:system_server:s0 tcontext=u:object_r:gps_data_file:s0 tclass=fifo_file
W/android.bg( 3094): type=1400 audit(0.0:48): avc: denied { write } for name=".gps.interface.pipe.to_gpsd" dev="mmcblk0p9" ino=170693 scontext=u:r:system_server:s0 tcontext=u:object_r:gps_data_file:s0 tclass=fifo_file
W/android.bg( 3094): type=1400 audit(0.0:49): avc: denied { open } for path="/data/gps/.gps.interface.pipe.to_gpsd" dev="mmcblk0p9" ino=170693 scontext=u:r:system_server:s0 tcontext=u:object_r:gps_data_file:s0 tclass=fifo_file
W/android.bg( 3094): type=1400 audit(0.0:50): avc: denied { read } for name=".gps.interface.pipe.to_jni" dev="mmcblk0p9" ino=170696 scontext=u:r:system_server:s0 tcontext=u:object_r:gps_data_file:s0 tclass=fifo_file
I/libgps  ( 2584): Restore: No SUPL config to restore
D/libgps  ( 2584): GeofenceControllerStateWaitForConnection: EXIT
D/libgps  ( 2584): GeofenceControllerStateConnected: ENTRY
I/libgps  ( 2584): proxy_gps_set_capabilities_cb GPS CHIP IS GEOFENCE CAPABLE (0)
I/libgps  ( 2584): proxy_gps_set_capabilities_cb(15) calls set_capabilities_cb(6)
D/GpsLocationProvider( 2584): set_capabilities_callback: 6u
E/WifiStateMachine( 2584): WifiStateMachine shouldSwitchNetwork  txSuccessRate=0.00 rxSuccessRate=0.00 delta 1000 -> 1000
D/        ( 2676): ENV OGL enabled for all processes, use "persist.intel.ogl.procname" to limit it to a single process
E/wpa_supplicant( 2770): Unsupported command: SETBAND 0
W/ResourcesManager( 3064): Asset path '/system/framework/com.android.media.remotedisplay.jar' does not exist or contains no resources.
W/ResourcesManager( 3064): Asset path '/system/framework/com.android.location.provider.jar' does not exist or contains no resources.
E/WifiStateMachine( 2584): Failed to set frequency band 0
I/EglContext( 2676): Initialized EGL, version 1.4
I/libgps  ( 2584): proxy_gps_xtra_init:
I/gpsd    ( 2288): CustomerModule::OnMessage : MSG_LCS_PROXY_GPS_INIT
I/gpsd    ( 2288): CustomerModule::OnMessage : MSG_LCS_RIL_INIT_MESSAGE
I/libgps  ( 2584): OnGpsExtensionMessage: MSG_LCS_SET_LTOSYNCTHRESHOLDDAYS 1
I/libgps  ( 2584): OnGpsExtensionMessage: MSG_LCS_SET_LTODIR /data/gps/
D/        ( 2676): droid_create_context : config id = 5 conf->NativeVisualID=1
D/        ( 2676): Pixel Format : GGL_PIXEL_FORMAT_RGBA_8888
I/        ( 2676): Requested context : GLES 2.0
D/        ( 2676): Pixel Format : GGL_PIXEL_FORMAT_RGBA_8888
D/OpenGLRenderer( 2676): Enabling debug mode 0
D/        ( 2676): Pixel Format : GGL_PIXEL_FORMAT_RGBA_8888
E/native  ( 2584): do suspend false
E/wpa_supplicant( 2770): Unsupported command: SETSUSPENDMODE 0
I/LatinIME:LogUtils( 2862): Dictionary info: dictionary = PersonalizationDictionary.en_US ; version = 978889773 ; date = ?
I/LatinIME:LogUtils( 2862): Dictionary info: dictionary = PersonalizationDictionary.en_US ; version = 978889773 ; date = ?
E/WifiStateMachine( 2584): CMD_AUTO_CONNECT sup state ScanState my state DisconnectedState nid=0 roam=3
E/WifiStateMachine( 2584): CMD_AUTO_CONNECT will save config -> "Guest" nid=0
E/WifiConfigStore( 2584): Setting BSSID for "Guest" to any
E/WifiConfigStore( 2584): will read network variables netId=0
E/WifiStateMachine( 2584): CMD_AUTO_CONNECT did save config ->  nid=0
E/WifiConfigStore( 2584): will read network variables netId=0
I/ActivityManager( 2584): Displayed com.android.launcher/com.android.launcher2.Launcher: +5s831ms
W/BadTokenDebug( 2584): removeWindowToken: Removing token=android.os.Binder@1c0423d9 removed=WindowToken{385919e android.os.Binder@1c0423d9} Callers=com.android.server.InputMethodManagerService.unbindCurrentMethodLocked:1366 com.android.server.InputMethodManagerService.startInputInnerLocked:1253 com.android.server.InputMethodManagerService.startInputUncheckedLocked:1233 
I/LatinIME:LogUtils( 2862): Dictionary info: dictionary = PersonalizationDictionary.en_US ; version = 978889773 ; date = 978889774
V/InputMethodManagerService( 2584): Adding window token: android.os.Binder@1a1e7867
W/BadTokenDebug( 2584): addWindowToken: Adding token=android.os.Binder@1a1e7867 wtoken=WindowToken{2e52d614 android.os.Binder@1a1e7867}
I/LatinIME( 2862): Hardware accelerated drawing: true
W/InputAttributes( 2862): No editor info for this field. Bug?
I/LatinIME:LogUtils( 2862): Dictionary info: dictionary = UserHistoryDictionary.en_US ; version = 1410505889 ; date = 1410920233
I/LatinIME:LogUtils( 2862): Dictionary info: dictionary = PersonalizationDictionary.en_US ; version = 978889773 ; date = 978889774
I/LatinIME:LogUtils( 2862): Dictionary info: dictionary = userunigram.en_US ; version = 978889774 ; date = ?
I/MultiDex( 3064): install
I/LatinIME:LogUtils( 2862): Dictionary info: dictionary = ContextualDictionary.en_US ; version = 978889774 ; date = ?
I/LatinIME:LogUtils( 2862): Dictionary info: dictionary = PersonalizationDictionary.en_US ; version = 978889774 ; date = ?
I/MultiDex( 3064): MultiDexExtractor.load(/system/priv-app/GmsCore/GmsCore.apk, false)
I/LatinIME:LogUtils( 2862): Dictionary info: dictionary = PersonalizationDictionary.en_US ; version = 978889774 ; date = ?
I/MultiDex( 3064): loading existing secondary dex files
I/LatinIME:LogUtils( 2862): Dictionary info: dictionary = main:en ; version = 47 ; date = 1402373178
V/RenderScript( 2676): Application requested CPU execution
I/LatinIME:LogUtils( 2862): Dictionary info: dictionary = main:en ; version = 47 ; date = 1402373178
V/RenderScript( 2676): 0xe32d6a00 Launching thread(s), CPUs 4
I/MultiDex( 3064): load found 1 secondary dex files
I/SystemServiceManager( 2584): Starting phase 1000
E/WifiConfigStore( 2584): setLastSelectedConfiguration -1
I/MultiDex( 3064): install done
I/ActivityManager( 2584): Start proc com.google.process.location for on-hold: pid=3115 uid=10007 gids={50007, 9997, 2001, 3003, 1007, 3006, 3007, 1028, 1015, 3002, 3001} abi=x86
W/InputChannel-JNI( 2862): Input channel object 'ClientState{1df76ebd uid 10011 pid 2676} (client)' was finalized without being disposed!
I/ActivityManager( 2584): Saving task=TaskRecord{3aa5819d #46 A=com.android.camera.CameraActivity U=0 sz=0}
I/art     ( 2862): Heap transition to ProcessStateJankImperceptible took 34.575ms saved at least 366KB
I/Sensors ( 2584): Enabling sensor 0 (iio device 1: KXCJK-1013 Accelerometer)
D/CommandListener( 2275): Clearing all IP addresses on wlan0
I/Sensors ( 2584): Sensor 0 sampling rate set to 25
D/WifiPasspointStateMachine( 2584): handleMessage: E msg.what=164114
D/WifiPasspointStateMachine( 2584): processMsg: DiscoveryState
E/WifiPasspointStateMachine( 2584):  DiscoveryState CMD_WIFI_DISCONNECTED 0 0 { when=-6ms what=164114 target=com.android.internal.util.StateMachine$SmHandler }
D/WifiPasspointStateMachine( 2584): handleMessage: X
V/KeyguardServiceDelegate( 2584): onScreenTurnedOn(showListener = com.android.internal.policy.impl.PhoneWindowManager$2@21b70329)
I/ContactLocale( 3033): AddressBook Labels [en-US]: [, A, B, C, D, E, F, G, H, I, J, K, L, M, N, O, P, Q, R, S, T, U, V, W, X, Y, Z, , , , , , , , , , , , , , , , , , , , , , , , , , , , , , , , , , , , , , , , , , , , , , , , , , , , , , , , , , , , , , , , , , , , , , , , , , , , , , , , , , , , , , , , , , , , , , , , , , , , , , , , , , , , , , , , , , , , , , , , , , , , , , , , , , , , , , , , , , , , , , , , , , , , , , , , , , , , , , , , , , , , , , , , , , , , , , , , , , , , , , , , , , , , #, ]
W/ResourceType( 2676): ResTable_typeSpec entry count inconsistent: given 1, previously 1372
W/ResourcesManager( 3115): Asset path '/system/framework/com.android.media.remotedisplay.jar' does not exist or contains no resources.
W/ResourcesManager( 3115): Asset path '/system/framework/com.android.location.provider.jar' does not exist or contains no resources.
W/ResourceType( 2676): ResTable_typeSpec entry count inconsistent: given 1, previously 1372
I/art     ( 2902): Heap transition to ProcessStateJankImperceptible took 14.361ms saved at least 195KB
W/art     ( 3064): Suspending all threads took: 5.855ms
I/ActivityManager( 2584): Start proc com.google.process.gapps for content provider com.google.android.gsf/.gservices.GservicesProvider: pid=3138 uid=10007 gids={50007, 9997, 2001, 3003, 1007, 3006, 3007, 1028, 1015, 3002, 3001} abi=x86
I/LatinIME:LogUtils( 2862): Dictionary info: dictionary = contacts.en_US ; version = 978889774 ; date = ?
V/BackupManagerService( 2584): Connected to transport ComponentInfo{com.google.android.backuptransport/com.google.android.backup.BackupTransportService}
V/BackupManagerService( 2584): Registering transport com.google.android.backuptransport/com.google.android.backup.BackupTransportService::com.google.android.backup/.BackupTransportService = com.android.internal.backup.IBackupTransport$Stub$Proxy@1891980c
I/MultiDex( 3115): install
I/MultiDex( 3115): MultiDexExtractor.load(/system/priv-app/GmsCore/GmsCore.apk, false)
I/MultiDex( 3115): loading existing secondary dex files
I/MultiDex( 3115): load found 1 secondary dex files
I/MultiDex( 3115): install done
I/GservicesProvider( 3138): Gservices pushing to system: true; secure/global: true
I/ActivityManager( 2584): Saving task=TaskRecord{2643612 #54 A=com.android.email U=0 sz=0}
W/ResourceType( 2676): ResTable_typeSpec entry count inconsistent: given 1, previously 1372
D/WifiService( 2584): New client listening to asynchronous messages
D/BluetoothManagerService( 2584): Message: 20
D/BluetoothManagerService( 2584): Added callback: android.bluetooth.IBluetoothManagerCallback$Stub$Proxy@3a91c028:true
D/BluetoothAdapter( 2654): 897892369: getState() :  mService = null. Returning STATE_OFF
D/BluetoothAdapter( 2654): 897892369: getState() :  mService = null. Returning STATE_OFF
I/ProviderInstaller( 3115): Insert disabled by gate 'gms:security:enable_conscrypt_in_gms_application'
I/ProviderInstaller( 3064): Insert disabled by gate 'gms:security:enable_conscrypt_in_gms_application'
D/ConnectivityService( 2584): listenForNetwork for NetworkRequest [ id=2, legacyType=-1, [] ]
I/CameraService( 2281): getCameraCharacteristics: Switching to HAL1 shim implementation...
D/Camera_HAL( 2281): ATOM_GetCameraInfo
D/Camera_HAL( 2281): ATOM_GetCameraInfo
I/CameraClient( 2281): Opening camera 0
D/Camera_HAL( 2281): ATOM_GetCameraInfo
D/Camera_HAL( 2281): ATOM_OpenCameraHardware
D/Camera_Conf( 2281): Registered sensor driver "v4l-subdev0" found for sensor "gc2235"
D/Camera_Conf( 2281): Registered sensor driver "v4l-subdev1" found for sensor "gc0339"
D/Camera_Conf( 2281): cpf config file name: /etc/atomisp/00gc2235.cpf
D/Camera_Conf( 2281): Opening CPF file "/etc/atomisp/00gc2235.cpf"
D/Camera_Conf( 2281): CPF file not validated yet, validating...
D/Camera_Conf( 2281): CPF AIQ record found!
D/Camera_Conf( 2281): CPF HAL record found!
W/Camera_V4L2DevBase( 2281): xioctl: Request 0xc01076da failed: Invalid argument
D/Camera_SensorHW( 2281): Failed to get OTP size. Error: -22
W/Camera_V4L2DevBase( 2281): xioctl: Request 0xc01076dd failed: Invalid argument
D/Camera_SensorHW( 2281): Failed to get motor private data size. Error: -22
D/IA_IMAGING( 2281): IA AIQ VERSION v2.0_003.002
D/IA_IMAGING( 2281): IA ISP 2.2 VERSION v2.0_003.002
W/Binder_7( 2972): type=1400 audit(0.0:51): avc: denied { read write } for path="socket:[14482]" dev="sockfs" ino=14482 scontext=u:r:mediaserver:s0 tcontext=u:r:system_server:s0 tclass=unix_stream_socket
W/Camera_ValidateParameters( 2281): WARNING: The Size 0x0 is not fully supported. Some issues might occur!
D/Camera_ControlThread( 2281): Application doesn't set picture size, hal chooses 320x240 to match preview size
I/Camera_ControlThread( 2281): DEPRECATED: Got new preview frame rate: 30
D/Camera_HAL( 2281): atom_set_callbacks
D/Camera_HAL( 2281): atom_get_parameters
D/Camera_HAL( 2281): atom_put_parameters
D/Camera_HAL( 2281): atom_stop_preview
D/Camera_HAL( 2281): atom_cancel_picture
D/Camera_HAL( 2281): atom_release
I/ufoGralloc( 2281): Hello, this is UFO GRALLOC/Intel Corporation
I/CameraClient( 2281): Destroying camera 0
D/Camera_HAL( 2281): ATOM_CloseCameraHardware
W/Camera_V4L2DevBase( 2281): Device not opened!
D/Camera_HAL( 2281): ATOM_CloseCameraHardware: Camera close done (open instances after close: 0)
I/CameraService( 2281): getCameraCharacteristics: Switching to HAL1 shim implementation...
D/Camera_HAL( 2281): ATOM_GetCameraInfo
D/Camera_HAL( 2281): ATOM_GetCameraInfo
I/CameraClient( 2281): Opening camera 1
D/Camera_HAL( 2281): ATOM_GetCameraInfo
D/Camera_HAL( 2281): ATOM_OpenCameraHardware
D/Camera_Conf( 2281): cpf config file name: /etc/atomisp/01gc0339.cpf
D/Camera_Conf( 2281): Opening CPF file "/etc/atomisp/01gc0339.cpf"
D/Camera_Conf( 2281): CPF file not validated yet, validating...
D/Camera_Conf( 2281): CPF AIQ record found!
D/Camera_Conf( 2281): CPF HAL record found!
E/GCoreFlp( 3115): Bound FusedProviderService with LocationManager
I/ActivityManager( 2584): Saving task=TaskRecord{3110b1e3 #56 A=com.android.chrome U=0 sz=0}
I/GCoreUlr( 3115): Starting service, intent=Intent { act=com.google.android.location.reporting.ACTION_UPDATE_WORLD cmp=com.google.android.gms/com.google.android.location.reporting.service.DispatchingService (has extras) }, extras=Bundle[{receiverAction=android.location.PROVIDERS_CHANGED}]
I/wpa_supplicant( 2770): wlan0: Trying to associate with 08:17:35:03:44:32 (SSID='Guest' freq=2412 MHz)
E/WifiStateMachine( 2584): WifiStateMachine shouldSwitchNetwork  txSuccessRate=0.00 rxSuccessRate=0.00 delta 1000 -> 1000
W/Camera_V4L2DevBase( 2281): xioctl: Request 0xc01076da failed: Invalid argument
D/Camera_SensorHW( 2281): Failed to get OTP size. Error: -22
W/Camera_V4L2DevBase( 2281): xioctl: Request 0xc01076dd failed: Invalid argument
D/Camera_SensorHW( 2281): Failed to get motor private data size. Error: -22
D/IA_IMAGING( 2281): IA AIQ VERSION v2.0_003.002
D/IA_IMAGING( 2281): IA ISP 2.2 VERSION v2.0_003.002
W/Camera_ValidateParameters( 2281): WARNING: The Size 0x0 is not fully supported. Some issues might occur!
D/Camera_ControlThread( 2281): Application doesn't set picture size, hal chooses 320x240 to match preview size
I/Camera_ControlThread( 2281): DEPRECATED: Got new preview frame rate: 30
D/Camera_HAL( 2281): atom_set_callbacks
D/Camera_HAL( 2281): atom_get_parameters
D/Camera_HAL( 2281): atom_put_parameters
D/Camera_HAL( 2281): atom_stop_preview
D/Camera_HAL( 2281): atom_cancel_picture
D/Camera_HAL( 2281): atom_release
I/CameraClient( 2281): Destroying camera 1
D/Camera_HAL( 2281): ATOM_CloseCameraHardware
I/ActivityManager( 2584): Start proc com.google.android.apps.magazines for broadcast com.google.android.apps.magazines/com.google.apps.dots.android.newsstand.audio.MediaButtonIntentReceiver: pid=3212 uid=10047 gids={50047, 9997, 3003, 1028, 1015} abi=x86
W/Camera_V4L2DevBase( 2281): Device not opened!
D/Camera_HAL( 2281): ATOM_CloseCameraHardware: Camera close done (open instances after close: 0)
D/Camera_HAL( 2281): ATOM_GetCameraInfo
D/Camera_HAL( 2281): ATOM_GetCameraInfo
I/wpa_supplicant( 2770): wlan0: CTRL-EVENT-DISCONNECTED bssid=08:17:35:03:44:32 reason=3 locally_generated=1
E/WifiStateMachine( 2584): CMD_AUTO_CONNECT sup state DisconnectedState my state DisconnectedState nid=0 roam=3
E/WifiStateMachine( 2584): CMD_AUTO_CONNECT will save config -> "Guest" nid=0
E/WifiConfigStore( 2584): Setting BSSID for "Guest" to any
I/GCoreUlr( 3115): DispatchingService.onCreate()
E/WifiConfigStore( 2584): will read network variables netId=0
I/art     ( 3212): Profiler disabled. To enable setprop dalvik.vm.profiler 1.
E/WifiStateMachine( 2584): CMD_AUTO_CONNECT did save config ->  nid=0
E/WifiConfigStore( 2584): will read network variables netId=0
I/wpa_supplicant( 2770): wlan0: Trying to associate with f0:25:72:da:b7:12 (SSID='Guest' freq=2437 MHz)
I/wpa_supplicant( 2770): wlan0: Association request to the driver failed
E/WifiConfigStore( 2584): setLastSelectedConfiguration -1
D/CommandListener( 2275): Clearing all IP addresses on wlan0
D/WifiPasspointStateMachine( 2584): handleMessage: E msg.what=164114
D/WifiPasspointStateMachine( 2584): processMsg: DiscoveryState
D/Camera_HAL( 2281): ATOM_GetCameraInfo
D/Camera_HAL( 2281): ATOM_GetCameraInfo
E/WifiPasspointStateMachine( 2584):  DiscoveryState CMD_WIFI_DISCONNECTED 0 0 { when=-5ms what=164114 target=com.android.internal.util.StateMachine$SmHandler }
D/WifiPasspointStateMachine( 2584): handleMessage: X
D/BluetoothAdapter( 2654): 897892369: getState() :  mService = null. Returning STATE_OFF
D/BluetoothAdapter( 2654): 897892369: getState() :  mService = null. Returning STATE_OFF
D/BluetoothAdapter( 2654): 897892369: getState() :  mService = null. Returning STATE_OFF
D/BluetoothAdapter( 2654): 897892369: getState() :  mService = null. Returning STATE_OFF
D/EglContext( 2654): Render dirty regions requested: true
W/ndroid.systemui( 2654): type=1400 audit(0.0:52): avc: denied { getattr } for path="/dev/dri/card0" dev="tmpfs" ino=9575 scontext=u:r:platform_app:s0 tcontext=u:object_r:device:s0 tclass=chr_file
W/ndroid.systemui( 2654): type=1400 audit(0.0:53): avc: denied { read write } for name="card0" dev="tmpfs" ino=9575 scontext=u:r:platform_app:s0 tcontext=u:object_r:device:s0 tclass=chr_file
W/ndroid.systemui( 2654): type=1400 audit(0.0:54): avc: denied { open } for path="/dev/dri/card0" dev="tmpfs" ino=9575 scontext=u:r:platform_app:s0 tcontext=u:object_r:device:s0 tclass=chr_file
W/ndroid.systemui( 2654): type=1400 audit(0.0:55): avc: denied { ioctl } for path="/dev/dri/card0" dev="tmpfs" ino=9575 scontext=u:r:platform_app:s0 tcontext=u:object_r:device:s0 tclass=chr_file
I/ufoGralloc( 2654): Hello, this is UFO GRALLOC/Intel Corporation
D/Atlas   ( 2654): Validating map...
D/PhoneStatusBar( 2654): disable: < expand icons alerts system_info back home recent clock search >
I/WebViewFactory( 3212): Loading com.android.webview version 37 (eng.baopingx-x86) (code 199997)
D/WifiService( 2584): New client listening to asynchronous messages
D/BluetoothAdapter( 2654): 897892369: getState() :  mService = null. Returning STATE_OFF
D/BluetoothAdapter( 2654): 897892369: getState() :  mService = null. Returning STATE_OFF
W/BootAnimation( 2571): type=1400 audit(0.0:56): avc: denied { read write } for path="/dev/dri/card0" dev="tmpfs" ino=9575 scontext=u:r:bootanim:s0 tcontext=u:object_r:device:s0 tclass=chr_file
D/PhoneStatusBar( 2654): heads up is enabled
I/Choreographer( 2654): Skipped 135 frames!  The application may be doing too much work on its main thread.
I/LibraryLoader( 3212): Loading: webviewchromium
I/ActivityManager( 2584): Saving task=TaskRecord{32e117e0 #58 A=net.snclab.wifitetherrouter U=0 sz=0}
I/GCoreUlr( 3115): WorldUpdater received intent Intent { act=com.google.android.location.reporting.ACTION_UPDATE_WORLD cmp=com.google.android.gms/com.google.android.location.reporting.service.DispatchingService (has extras) } with receiverAction android.location.PROVIDERS_CHANGED
I/LibraryLoader( 3212): Time to load native libraries: 203 ms (timestamps 7513-7716)
I/LibraryLoader( 3212): Expected native library version number "",actual native library version number ""
D/GeofencerStateMachine( 3115): Creating GeofencerStateMachine
V/WebViewChromiumFactoryProvider( 3212): Binding Chromium to main looper Looper (main, tid 1) {388cc54d}
I/LibraryLoader( 3212): Expected native library version number "",actual native library version number ""
I/chromium( 3212): [INFO:library_loader_hooks.cc(106)] Chromium logging enabled: level = 0, default verbosity = 0
D/        ( 2654): ENV OGL enabled for all processes, use "persist.intel.ogl.procname" to limit it to a single process
I/EglContext( 2654): Initialized EGL, version 1.4
D/        ( 2654): droid_create_context : config id = 5 conf->NativeVisualID=1
D/        ( 2654): Pixel Format : GGL_PIXEL_FORMAT_RGBA_8888
I/        ( 2654): Requested context : GLES 2.0
D/        ( 2654): Pixel Format : GGL_PIXEL_FORMAT_RGBA_8888
D/OpenGLRenderer( 2654): Enabling debug mode 0
D/        ( 2654): Pixel Format : GGL_PIXEL_FORMAT_RGBA_8888
I/art     ( 2584): Explicit concurrent mark sweep GC freed 22590(1643KB) AllocSpace objects, 20(962KB) LOS objects, 33% free, 12MB/18MB, paused 708us total 88.834ms
D/        ( 2676): Surface destroy: ANDROID_NATIVE_WINDOW_MAGIC
I/BrowserStartupController( 3212): Initializing chromium process, renderers=0
D/        ( 2676): Pixel Format : GGL_PIXEL_FORMAT_RGBA_8888
W/art     ( 3212): Attempt to remove local handle scope entry from IRT, ignoring
D/        ( 2654): Pixel Format : GGL_PIXEL_FORMAT_RGBA_8888
W/chromium( 3212): [WARNING:dns_config_service_posix.cc(293)] Failed to read DnsConfig.
D/PhoneStatusBar( 2654): disable: < expand icons alerts system_info back HOME* RECENT* clock search >
W/art     ( 3212): Thread[14,tid=3247,Native,Thread*=0xefe24800,peer=0x7604f0e0,"Thread-93"] attached without supplying a name
W/chromium( 3212): [WARNING:resource_bundle.cc(315)] locale_file_path.empty()
I/chromium( 3212): [INFO:aw_browser_main_parts.cc(63)] Load from apk succesful, fd=30 off=46092 len=2953
W/AudioManagerAndroid( 3212): Requires BLUETOOTH permission
I/chromium( 3212): [INFO:aw_browser_main_parts.cc(78)] Loading webviewchromium.pak from, fd:31 off:228796 len:643667
D/        ( 3212): ENV OGL enabled for all processes, use "persist.intel.ogl.procname" to limit it to a single process
I/ufoGralloc( 3212): Hello, this is UFO GRALLOC/Intel Corporation
D/        ( 3212): Pixel Format : GGL_PIXEL_FORMAT_RGBA_8888
D/        ( 3212): droid_create_context : config id = 1 conf->NativeVisualID=1
D/        ( 3212): Pixel Format : GGL_PIXEL_FORMAT_RGBA_8888
I/        ( 3212): Requested context : GLES 2.0
I/GCoreUlr( 3115): Ensuring that reporting is stopped because of reasons: (no Google accounts)
D/GCoreFlp( 3115): Unknown pending intent to remove.
I/GCoreUlr( 3115): Unbound from all location providers
W/art     ( 3212): Thread[21,tid=3257,Native,Thread*=0xe40a7800,peer=0x761f9080,"Thread-100"] attached without supplying a name
I/dex2oat ( 3255): /system/bin/dex2oat --runtime-arg -classpath --runtime-arg  --instruction-set=x86 --instruction-set-features=default --runtime-arg -Xrelocate --boot-image=/system/framework/boot.art --dex-file=/data/data/com.google.android.gms/cache/ads1003521993.jar --oat-fd=46 --oat-location=/data/data/com.google.android.gms/cache/ads1003521993.dex --runtime-arg -Xms64m --runtime-arg -Xmx512m --compiler-filter=interpret-only
I/dex2oat ( 3255): Using image file /data/dalvik-cache/x86/system@framework@boot.art for image location /system/framework/boot.art
I/ActivityManager( 2584): Saving task=TaskRecord{165d9a99 #1018 A=com.android.settings U=0 sz=0}
I/dex2oat ( 3255): dex2oat took 91.008ms (threads: 4)
W/chromium( 3212): [WARNING:proxy_service.cc(901)] PAC support disabled because there is no system implementation
W/chromium( 3212): [WARNING:data_reduction_proxy_settings.cc(400)] SPDY proxy OFF at startup
W/wpa_supplicant( 2770): wlan0: WPA/RSN IEs not updated
I/wpa_supplicant( 2770): wlan0: Associated with 08:17:35:03:44:32
I/wpa_supplicant( 2770): wlan0: CTRL-EVENT-CONNECTED - Connection to 08:17:35:03:44:32 completed [id=0 id_str=]
W/art     ( 3212): Attempt to remove local handle scope entry from IRT, ignoring
D/WifiNetworkAgent( 2584): NetworkAgent: Registering NetworkAgent
V/GeofencerHelper( 3115): Initializing geofence's system cache.
W/AwContents( 3212): onDetachedFromWindow called when already detached. Ignoring
D/ConnectivityService( 2584): registerNetworkAgent NetworkAgentInfo{ ni{[type: WIFI[], state: CONNECTING/CONNECTING, reason: (unspecified), extra: "Guest", roaming: false, failover: false, isAvailable: true, isConnectedToProvisioningNetwork: false]}  network{10}  lp{{LinkAddresses: []  Routes: [] DnsAddresses: [] Domains: null MTU: 0}}  nc{[ Transports: WIFI Capabilities: INTERNET&NOT_RESTRICTED&TRUSTED&NOT_VPN LinkUpBandwidth>=1048576Kbps LinkDnBandwidth>=1048576Kbps]}  Score{60} }
D/ConnectivityService( 2584): Got NetworkAgent Messenger
D/ConnectivityService( 2584): NetworkAgentInfo [WIFI () - 10] EVENT_NETWORK_INFO_CHANGED, going from null to CONNECTING
D/ConnectivityService( 2584): NetworkAgent connected
E/WifiStateMachine( 2584): Start Dhcp Watchdog 1
D/GeofenceStateCache( 3115): Recovered 0 geofences.
I/WifiNative-HAL( 2584): startHal
E/wifi    ( 2584): getStaticLongField sWifiHalHandle 0xe0c6092c
D/wifi    ( 2584): halHandle = 0x0, mVM = 0xf46603c0, mCls = 0x300b1a
I/WifiNative-HAL( 2584): Could not start hal
D/WifiNetworkAgent( 2584): NetworkAgent: NetworkAgent fully connected
I/GeofencerStateMachine( 3115): Network location disabled.
D/ConnectivityService( 2584): updateNetworkScore for NetworkAgentInfo [WIFI () - 10] to 55
W/GeofencerStateMachine( 3115): Ignoring removeGeofence because network location is disabled.
D/ConnectivityService( 2584): Update of Linkproperties for NetworkAgentInfo [WIFI () - 10]; created=false
E/wpa_supplicant( 2770): Unsupported command: BTCOEXMODE 1
E/native  ( 2584): do suspend false
E/wpa_supplicant( 2770): Unsupported command: SETSUSPENDMODE 0
E/wpa_supplicant( 2770): Unsupported command: WLS_BATCHING GET
E/WifiStateMachine( 2584): Unexpected BatchedScanResults :null
E/wpa_supplicant( 2770): Unsupported command: WLS_BATCHING STOP
W/GAV2    ( 3212): Thread[main,5,main]: Need to call initialize() and be in fallback mode to start dispatch.
D/        ( 2654): droid_create_context : config id = 1 conf->NativeVisualID=1
D/        ( 2654): Pixel Format : GGL_PIXEL_FORMAT_RGBA_8888
I/        ( 2654): Requested context : GLES 2.0
D/        ( 2654): Pixel Format : GGL_PIXEL_FORMAT_RGBA_8888
D/        ( 2654): Pixel Format : GGL_PIXEL_FORMAT_RGBA_8888
D/        ( 2654): Surface destroy: ANDROID_NATIVE_WINDOW_MAGIC
D/PhoneStatusBar( 2654): disable: < expand ICONS* alerts SYSTEM_INFO* back HOME RECENT clock search >
D/BluetoothAdapter( 2654): 897892369: getState() :  mService = null. Returning STATE_OFF
D/BluetoothAdapter( 2654): 897892369: getState() :  mService = null. Returning STATE_OFF
D/BluetoothAdapter( 2654): 897892369: getState() :  mService = null. Returning STATE_OFF
D/BluetoothAdapter( 2654): 897892369: getState() :  mService = null. Returning STATE_OFF
W/GooglePlayServicesUtil( 3212): Certificate is not yet valid.
W/GooglePlayServicesUtil( 3212): Google Play Store signature invalid.
E/dhcpcd  ( 3283): fopen `/system/etc/dhcpcd/dhcpcd.conf': No such file or directory
I/dhcpcd  ( 3283): version 5.5.6 starting
E/dhcpcd  ( 3283): fopen `/system/etc/dhcpcd/dhcpcd.conf': No such file or directory
E/dhcpcd  ( 3283): get_duid: Read-only file system
D/PhoneStatusBar( 2654): disable: < expand ICONS alerts SYSTEM_INFO back HOME RECENT clock search >
D/ZenModeHelper( 2584): Default phone app: ComponentInfo{com.android.dialer/com.android.dialer.DialtactsActivity}
D/WifiService( 2584): New client listening to asynchronous messages
I/NSApplication( 3212): Starting up...
I/dhcpcd  ( 3283): wlan0: rebinding lease of 10.251.11.0
I/ActivityManager( 2584): Saving task=TaskRecord{364ba15e #1011 A=android.task.browser U=0 sz=0}
I/dhcpcd  ( 3283): wlan0: acknowledged 10.251.11.0 from 1.1.1.1
I/dhcpcd  ( 3283): wlan0: leased 10.251.11.0 for 1800 seconds
D/ConnectivityService( 2584): Update of Linkproperties for NetworkAgentInfo [WIFI () - 10]; created=false
E/wpa_supplicant( 2770): Unsupported command: BTCOEXMODE 2
D/ConnectivityService( 2584): Update of Linkproperties for NetworkAgentInfo [WIFI () - 10]; created=false
D/ConnectivityService( 2584): ignoring duplicate network state non-change
D/ConnectivityService( 2584): NetworkAgentInfo [WIFI () - 10] EVENT_NETWORK_INFO_CHANGED, going from CONNECTING to CONNECTED
D/WifiPasspointStateMachine( 2584): handleMessage: E msg.what=164113
D/WifiPasspointStateMachine( 2584): processMsg: DiscoveryState
E/WifiStateMachine( 2584): Did not find remoteAddress {10.251.10.1} in /proc/net/arp
E/WifiPasspointStateMachine( 2584):  DiscoveryState CMD_WIFI_CONNECTED 0 0 { when=-5ms what=164113 target=com.android.internal.util.StateMachine$SmHandler }
D/WifiPasspointStateMachine( 2584): skip CMD_WIFI_CONNECTED
D/WifiPasspointStateMachine( 2584): handleMessage: X
E/ConnectivityService( 2584): Unexpected mtu value: 0, wlan0
D/Nat464Xlat( 2584): requiresClat: netType=1, hasIPv4Address=true
D/ConnectivityService( 2584): notifyType 524289 for NetworkAgentInfo [WIFI () - 10]
D/NetworkMonitorNetworkAgentInfo [WIFI () - 10]( 2584): OfflineState{ when=0 what=532481 target=com.android.internal.util.StateMachine$SmHandler }
D/NetworkMonitorNetworkAgentInfo [WIFI () - 10]( 2584): DefaultState{ when=0 what=532481 target=com.android.internal.util.StateMachine$SmHandler }
D/NetworkMonitorNetworkAgentInfo [WIFI () - 10]( 2584): Connected
D/NetworkMonitorNetworkAgentInfo [WIFI () - 10]( 2584): EvaluatingState{ when=-1ms what=532486 arg1=1 target=com.android.internal.util.StateMachine$SmHandler }
D/ConnectivityService( 2584): Switching to new default network: NetworkAgentInfo{ ni{[type: WIFI[], state: CONNECTED/CONNECTED, reason: (unspecified), extra: "Guest", roaming: false, failover: false, isAvailable: true, isConnectedToProvisioningNetwork: false]}  network{10}  lp{{InterfaceName: wlan0 LinkAddresses: [10.251.11.0/23,]  Routes: [fe80::/64 -> :: wlan0,10.251.10.0/23 -> 0.0.0.0 wlan0,0.0.0.0/0 -> 10.251.10.1 wlan0,] DnsAddresses: [10.239.120.66,] Domains: ice.intel.com MTU: 0 HttpProxy: [ProxyProperties.mHost == null] }}  nc{[ Transports: WIFI Capabilities: INTERNET&NOT_RESTRICTED&TRUSTED&NOT_VPN LinkUpBandwidth>=1048576Kbps LinkDnBandwidth>=1048576Kbps]}  Score{55} }
D/NetworkMonitorNetworkAgentInfo [WIFI () - 10]( 2584): Checking http://clients3.google.com/generate_204 on "Guest"
D/ConnectivityService( 2584): sending Proxy Broadcast for [ProxyProperties.mHost == null]
I/ActivityManager( 2584): Saving task=TaskRecord{1612893f #1014 A=com.google.android.apps.magazines U=0 sz=0}
I/Choreographer( 2654): Skipped 122 frames!  The application may be doing too much work on its main thread.
W/RenderThread( 3238): type=1400 audit(0.0:57): avc: denied { ioctl } for path="/dev/dri/card0" dev="tmpfs" ino=9575 scontext=u:r:platform_app:s0 tcontext=u:object_r:device:s0 tclass=chr_file
D/        ( 2654): Surface destroy: ANDROID_NATIVE_WINDOW_MAGIC
D/        ( 2654): Pixel Format : GGL_PIXEL_FORMAT_RGBA_8888
W/View    ( 2654): requestLayout() improperly called by android.widget.TextView{1e44b7fd I.ED.... ......I. 0,0-0,0 #7f0700d9 app:id/header_emergency_calls_only} during layout: running second layout pass
D/OpenGLRenderer( 2654): setting property extraRasterBucket to 0.95
D/OpenGLRenderer( 2654):     failed
D/OpenGLRenderer( 2654): setting property extraRasterBucket to 0.0
D/OpenGLRenderer( 2654):     failed
W/RenderThread( 3238): type=1400 audit(0.0:58): avc: denied { read write } for path="/dev/dri/card0" dev="tmpfs" ino=9575 scontext=u:r:platform_app:s0 tcontext=u:object_r:device:s0 tclass=chr_file
W/WindowManager( 2584): Window freeze timeout expired.
W/WindowManager( 2584): Force clearing orientation change: Window{3b779e0b u0 NavigationBar}
W/WindowManager( 2584): Force clearing orientation change: Window{28451bcd u0 StatusBar}
D/        ( 2654): Surface destroy: ANDROID_NATIVE_WINDOW_MAGIC
D/SecureCameraLaunchManager( 2654): onCameraAvailable(0)
D/SecureCameraLaunchManager( 2654): onCameraAvailable(1)
V/KeyguardServiceDelegate( 2584): **** SHOWN CALLED ****
V/KeyguardServiceDelegate( 2584): **** SHOWN CALLED ****
I/SurfaceFlinger( 2277): Boot is finished (36213 ms)
V/KeyguardTouchDelegate( 2654): Connected to keyguard
D/        ( 2569): Surface destroy: ANDROID_NATIVE_WINDOW_MAGIC
W/DrmEventThread( 2556): type=1400 audit(0.0:59): avc: denied { ioctl } for path="/dev/dri/card0" dev="tmpfs" ino=9575 scontext=u:r:surfaceflinger:s0 tcontext=u:object_r:device:s0 tclass=chr_file
I/PowerManagerService( 2584): Boot animation finished.
D/PhoneStatusBar( 2654): disable: < expand ICONS alerts SYSTEM_INFO BACK* HOME RECENT clock search >
I/RecoverySystem( 2584): No recovery log file
I/BootReceiver( 2584): Copying audit failures to DropBox
I/BootReceiver( 2584): Checking for fsck errors
I/art     ( 2725): Heap transition to ProcessStateJankPerceptible took 9.437ms expanded 30KB
D/ConnectivityService( 2584): Update of Linkproperties for NetworkAgentInfo [WIFI () - 10]; created=true
D/ConnectivityService( 2584): identical MTU - not setting
D/Nat464Xlat( 2584): requiresClat: netType=1, hasIPv4Address=true
D/NetworkMonitorNetworkAgentInfo [WIFI () - 10]( 2584): isCaptivePortal: ret=200 headers={null=[HTTP/1.1 200 OK], Content-Type=[text/html], X-Android-Received-Millis=[978889778777], X-Android-Response-Source=[NETWORK 200], X-Android-Sent-Millis=[978889777818]}
D/NetworkMonitorNetworkAgentInfo [WIFI () - 10]( 2584): Don't send network conditions - lacking user consent.
D/NetworkMonitorNetworkAgentInfo [WIFI () - 10]( 2584): EvaluatingState{ when=0 what=532487 arg1=1 arg2=200 target=com.android.internal.util.StateMachine$SmHandler }
D/ConnectivityService( 2584): Got NetworkFactory Messenger for Telephony
D/ConnectivityService( 2584): NetworkFactory connected
I/art     ( 3064): Heap transition to ProcessStateJankImperceptible took 14.739ms saved at least 82KB
D/TelephonyProvider( 2950): dbh.onOpen: ok, queried table=siminfo
D/TelephonyProvider( 2950): dbh.onOpen: ok, queried table=carriers
I/ActivityManager( 2584): Start proc com.android.smspush for service com.android.smspush/.WapPushManager: pid=3329 uid=10068 gids={50068, 9997} abi=x86
I/art     ( 3329): Profiler disabled. To enable setprop dalvik.vm.profiler 1.
D/DcSwitchState( 2950): [DcSwitchState-0] DcSwitchState constructor E
D/DcSwitchState( 2950): [DcSwitchState-0] DcSwitchState constructor X
D/DctController( 2950): [DctController] Connect success: 0
D/BluetoothManagerService( 2584): Message: 20
D/BluetoothManagerService( 2584): Added callback: android.bluetooth.IBluetoothManagerCallback$Stub$Proxy@19c23f99:true
D/CallNotifier( 2950): CallNotifier: mSignalInfoToneGenerator created when toneplay
D/BluetoothManagerService( 2584): Message: 30
W/surfaceflinger( 2277): type=1400 audit(0.0:60): avc: denied { read write } for path="/dev/dri/card0" dev="tmpfs" ino=9575 scontext=u:r:surfaceflinger:s0 tcontext=u:object_r:device:s0 tclass=chr_file
W/WindowManager( 2584): performLayoutAndPlaceSurfacesLocked called while in layout. Callers=com.android.server.wm.WindowManagerService.performLayoutAndPlaceSurfacesLocked:8400 com.android.server.wm.WindowManagerService.reevaluateStatusBarVisibility:10413 com.android.internal.policy.impl.PhoneWindowManager.clearClearableFlagsLw:5650 
I/Telecomm( 2983): PhoneAccountRegistrar: Removing phone account Emergency calls
D/PhoneStatusBar( 2654): disable: < expand ICONS alerts SYSTEM_INFO BACK HOME RECENT clock search >
D/MtpService( 2725): addStorageLocked 65537 /storage/emulated/0
W/AudioTrack( 2654): AUDIO_OUTPUT_FLAG_FAST denied by client
D/PhoneStatusBar( 2654): disable: < expand icons* alerts system_info* BACK HOME RECENT clock search >
D/PROPERTY( 2281): get media.dump_output.befconv: 0
D/PROPERTY( 2281): get media.dump_output.aftconv: 0
D/AudioIntelHAL( 2281): startStream: output stream
D/EVENT_THREAD( 2281): void CEventThread::trig(uint16_t): in
D/EVENT_THREAD( 2281): void CEventThread::trig(uint16_t): out
D/RouteManager( 2281): doReconsiderRouting: Route state:
D/RouteManager( 2281): 	-Previously Enabled Route in Input = <none>
