D/RouteManager( 2281): 	-Previously Enabled Route in Output = <none>
D/RouteManager( 2281): 	-Selected Route in Input = <none>
D/RouteManager( 2281): 	-Selected Route in Output = Media|HwCodec0IA
D/RouteManager( 2281): 		-executeMuteRoutingStage-
D/RouteManager( 2281): 		-executeDisableRoutingStage-
D/RouteManager( 2281): 		-executeConfigureRoutingStage-
D/RouteManager( 2281): 		-executeEnableRoutingStage-
D/TinyAlsaAudioDevice( 2281): open card (bytcrrt5640,0) with config (rate(48000), format(0), channels(2))
D/TinyAlsaAudioDevice( 2281): open	 RingBuffer config: periodSize=1024, nbPeriod=4 startTh=0, stop Th=0 silence Th=0
W/InputMethodManagerService( 2584): Window already focused, ignoring focus gain of: com.android.internal.view.IInputMethodClient$Stub$Proxy@2b116d4b attribute=null, token = android.os.BinderProxy@961bddd
D/        ( 2654): Pixel Format : GGL_PIXEL_FORMAT_RGBA_8888
D/PhoneStatusBar( 2654): disable: < expand icons alerts system_info back* home* recent* clock search >
I/WifiNative-HAL( 2584): startHal
E/wifi    ( 2584): getStaticLongField sWifiHalHandle 0xe0c6092c
D/wifi    ( 2584): halHandle = 0x0, mVM = 0xf46603c0, mCls = 0x200b9e
I/WifiNative-HAL( 2584): Could not start hal
D/ConnectivityService( 2584): updateNetworkScore for NetworkAgentInfo [WIFI () - 10] to 60
D/AudioConversion( 2281): configure: no convertion required
D/RouteManager( 2281): 		-executeUnmuteRoutingStage
D/RouteManager( 2281): doReconsiderRouting: DONE
D/EVENT_THREAD( 2281): void CEventThread::run() Do poll with timeout: -1
D/        ( 2654): Surface destroy: ANDROID_NATIVE_WINDOW_MAGIC
D/        ( 2654): Pixel Format : GGL_PIXEL_FORMAT_RGBA_8888
I/Telephony( 2950): PstnIncomingCallNotifier: Registering: Handler (com.android.internal.telephony.gsm.GSMPhone) {1212bd3c}
W/CursorWrapperInner( 2983): Cursor finalized without prior close()
D/ConnectivityService( 2584): Got NetworkFactory Messenger for WIFI
D/ConnectivityService( 2584): NetworkFactory connected
D/WIFI    ( 2584): got request NetworkRequest [ id=1, legacyType=-1, [ Capabilities: INTERNET&NOT_RESTRICTED&TRUSTED&NOT_VPN] ] with score 0
D/WIFI    ( 2584):   my score=60, my filter=[ Transports: WIFI Capabilities: INTERNET&NOT_RESTRICTED&TRUSTED&NOT_VPN LinkUpBandwidth>=1048576Kbps LinkDnBandwidth>=1048576Kbps]
I/ActivityManager( 2584): Start proc com.android.providers.calendar for broadcast com.android.providers.calendar/.CalendarReceiver: pid=3379 uid=10001 gids={50001, 9997, 3003, 1028, 1015} abi=x86
I/CheckinService( 3064): Disabling old GoogleServicesFramework version
I/CheckinService( 3064): Done disabling old GoogleServicesFramework version
D/TelephonyNetworkFactory( 2950): got request NetworkRequest [ id=1, legacyType=-1, [ Capabilities: INTERNET&NOT_RESTRICTED&TRUSTED&NOT_VPN] ] with score 0
D/TelephonyNetworkFactory( 2950):   my score=50, my filter=[ Transports: CELLULAR Capabilities: MMS&SUPL&DUN&FOTA&IMS&CBS&IA&RCS&XCAP&EIMS&INTERNET&NOT_RESTRICTED&TRUSTED&NOT_VPN]
D/TelephonyNetworkFactory( 2950): Cellular needs Network for NetworkRequest [ id=1, legacyType=-1, [ Capabilities: INTERNET&NOT_RESTRICTED&TRUSTED&NOT_VPN] ]
D/DctController( 2950): [DctController] EVENT_PHONE1_RADIO_OFF.
D/TelephonyDebugService( 2950): TelephonyDebugService()
W/ResourcesManager( 3379): Asset path '/system/framework/android.test.runner.jar' does not exist or contains no resources.
D/BluetoothManagerService( 2584): Message: 30
E/BluetoothPhoneService( 2950): Could not get a handle on Connection object for the call
W/CallNotifier( 2950): Got onMwiChanged() on non-voice-capable device! Ignoring...
D/DctController( 2950): [DctController] DataStateReceiver phoneId= 0
D/DctController( 2950): [DctController] Network out of service and return
I/PhoneApp( 2950): Headset phone created, binding local service.
I/CalendarProvider2( 3379): Created com.android.providers.calendar.CalendarAlarmManager@388cc54d(com.android.providers.calendar.CalendarProvider2@1e9ba802)
I/art     ( 3212): Heap transition to ProcessStateJankImperceptible took 19.356ms saved at least 180KB
I/ActivityManager( 2584): Start proc com.google.android.configupdater for broadcast com.google.android.configupdater/.CertPin.CertPinUpdateRequestReceiver: pid=3401 uid=10002 gids={50002, 9997, 3003, 2001} abi=x86
I/art     ( 3401): Profiler disabled. To enable setprop dalvik.vm.profiler 1.
E/UpdateRequestReceiver( 3401): ignoring update request
E/UpdateRequestReceiver( 3401): ignoring update request
E/UpdateRequestReceiver( 3401): ignoring update request
E/UpdateRequestReceiver( 3401): ignoring update request
E/UpdateRequestReceiver( 3401): ignoring update request
E/UpdateRequestReceiver( 3401): ignoring update request
I/SystemUpdateService( 3064): receiver: Intent { act=android.intent.action.BOOT_COMPLETED flg=0x8000010 cmp=com.google.android.gms/.update.SystemUpdateService$Receiver (has extras) }
I/AdsMeasurementBroadcastReceiver( 3064): Device was rebooted, starting AdsMeasurementService
D/AdsMeasurementBroadcastReceiver( 3064): Unauthorized to start the main service
I/SystemUpdateService( 3064): cancelUpdate (empty URL)
I/SystemUpdateService( 3064): active receiver: disabled
I/SystemUpdateService( 3064): cancelUpdate (empty URL)
I/SystemUpdateService( 3064): active receiver: disabled
I/libgps  ( 2584): proxy_agps_ril_request_setid_cb: flags(1)
W/ResourcesManager( 3138): Asset path '/system/framework/com.android.media.remotedisplay.jar' does not exist or contains no resources.
W/ResourcesManager( 3138): Asset path '/system/framework/com.android.location.provider.jar' does not exist or contains no resources.
I/MultiDex( 3138): install
I/MultiDex( 3138): MultiDexExtractor.load(/system/priv-app/GmsCore/GmsCore.apk, false)
I/MultiDex( 3138): loading existing secondary dex files
I/MultiDex( 3138): load found 1 secondary dex files
I/MultiDex( 3138): install done
I/ProviderInstaller( 3138): Insert disabled by gate 'gms:security:enable_conscrypt_in_gms_application'
D/GCM     ( 3064): COMPAT: Multi user not supported
I/ActivityManager( 2584): Start proc com.google.android.onetimeinitializer for broadcast com.google.android.onetimeinitializer/.OneTimeInitializerReceiver: pid=3442 uid=10009 gids={50009, 9997} abi=x86
I/art     ( 2290): Explicit concurrent mark sweep GC freed 702(30KB) AllocSpace objects, 0(0B) LOS objects, 39% free, 1836KB/2MB, paused 202us total 25.187ms
V/AuthZen ( 3064): Handling intent: android.intent.action.BOOT_COMPLETED
I/art     ( 2290): Explicit concurrent mark sweep GC freed 4(144B) AllocSpace objects, 0(0B) LOS objects, 40% free, 1836KB/2MB, paused 163us total 25.715ms
V/AuthZen ( 3064): [DefaultAuthzenGcmReceiverDelegateService] Handling delegate intent.
D/GCM     ( 3138): COMPAT: Multi user not supported
I/art     ( 3442): Profiler disabled. To enable setprop dalvik.vm.profiler 1.
I/art     ( 2290): Explicit concurrent mark sweep GC freed 5(160B) AllocSpace objects, 0(0B) LOS objects, 40% free, 1836KB/2MB, paused 161us total 26.283ms
I/art     ( 2584): Explicit concurrent mark sweep GC freed 22636(1584KB) AllocSpace objects, 18(901KB) LOS objects, 33% free, 12MB/19MB, paused 875us total 86.484ms
V/AuthZen ( 3064): Authzen is disabled
I/GoogleHttpClient( 3138): Falling back to old SSLCertificateSocketFactory
W/ActivityManager( 2584): Unable to start service Intent { act=android.intent.action.BOOT_COMPLETED flg=0x8000010 cmp=com.google.android.gms/.fitness.service.BrokeredFitnessService (has extras) } U=0: not found
V/OneTimeInitializerReceiver( 3442): OneTimeInitializerReceiver.onReceive
V/OneTimeService( 3442): OneTimeService.onHandleIntent
I/art     ( 3064): WaitForGcToComplete blocked for 18.570ms for cause Alloc
I/CalendarProvider2( 3379): Sending notification intent: Intent { act=android.intent.action.PROVIDER_CHANGED dat=content://com.android.calendar }
W/ContentResolver( 3379): Failed to get type for: content://com.android.calendar (Unknown URL content://com.android.calendar)
I/art     ( 3138): Heap transition to ProcessStateJankImperceptible took 42.507ms saved at least 286KB
W/RenderThread( 3081): type=1400 audit(0.0:61): avc: denied { ioctl } for path="/dev/dri/card0" dev="tmpfs" ino=9575 scontext=u:r:untrusted_app:s0 tcontext=u:object_r:device:s0 tclass=chr_file
W/RenderThread( 3081): type=1400 audit(0.0:62): avc: denied { read write } for path="/dev/dri/card0" dev="tmpfs" ino=9575 scontext=u:r:untrusted_app:s0 tcontext=u:object_r:device:s0 tclass=chr_file
I/WifiNative-HAL( 2584): startHal
E/wifi    ( 2584): getStaticLongField sWifiHalHandle 0xe0c6092c
D/wifi    ( 2584): halHandle = 0x0, mVM = 0xf46603c0, mCls = 0x200d82
I/WifiNative-HAL( 2584): Could not start hal
D/ConnectivityService( 2584): updateNetworkScore for NetworkAgentInfo [WIFI () - 10] to 56
D/AudioIntelHAL( 2281): stopStream: output stream
D/EVENT_THREAD( 2281): void CEventThread::trig(uint16_t): in
D/EVENT_THREAD( 2281): void CEventThread::trig(uint16_t): out
D/RouteManager( 2281): doReconsiderRouting: Route state:
D/RouteManager( 2281): 	-Previously Enabled Route in Input = <none>
D/RouteManager( 2281): 	-Previously Enabled Route in Output = Media|HwCodec0IA
D/RouteManager( 2281): 	-Selected Route in Input = <none>
D/RouteManager( 2281): 	-Selected Route in Output = <none>
D/RouteManager( 2281): 		-executeMuteRoutingStage-
D/RouteManager( 2281): 		-executeDisableRoutingStage-
D/TinyAlsaAudioDevice( 2281): close
D/RouteManager( 2281): 		-executeConfigureRoutingStage-
D/RouteManager( 2281): 		-executeEnableRoutingStage-
D/RouteManager( 2281): 		-executeUnmuteRoutingStage
D/RouteManager( 2281): doReconsiderRouting: DONE
D/EVENT_THREAD( 2281): void CEventThread::run() Do poll with timeout: -1
D/PROPERTY( 2281): get media.dump_output.befconv: 0
D/PROPERTY( 2281): get media.dump_output.aftconv: 0
D/AudioIntelHAL( 2281): startStream: output stream
D/EVENT_THREAD( 2281): void CEventThread::trig(uint16_t): in
D/EVENT_THREAD( 2281): void CEventThread::trig(uint16_t): out
D/RouteManager( 2281): doReconsiderRouting: Route state:
D/RouteManager( 2281): 	-Previously Enabled Route in Input = <none>
D/RouteManager( 2281): 	-Previously Enabled Route in Output = <none>
D/RouteManager( 2281): 	-Selected Route in Input = <none>
D/RouteManager( 2281): 	-Selected Route in Output = Media|HwCodec0IA
D/RouteManager( 2281): 		-executeMuteRoutingStage-
D/RouteManager( 2281): 		-executeDisableRoutingStage-
D/RouteManager( 2281): 		-executeConfigureRoutingStage-
D/RouteManager( 2281): 		-executeEnableRoutingStage-
D/TinyAlsaAudioDevice( 2281): open card (bytcrrt5640,0) with config (rate(48000), format(0), channels(2))
D/TinyAlsaAudioDevice( 2281): open	 RingBuffer config: periodSize=1024, nbPeriod=4 startTh=0, stop Th=0 silence Th=0
I/art     ( 2725): Heap transition to ProcessStateJankImperceptible took 7.510ms saved at least 60KB
D/AudioConversion( 2281): configure: no convertion required
D/RouteManager( 2281): 		-executeUnmuteRoutingStage
D/RouteManager( 2281): doReconsiderRouting: DONE
D/EVENT_THREAD( 2281): void CEventThread::run() Do poll with timeout: -1
W/View    ( 2676): requestLayout() improperly called by com.android.launcher2.PagedViewIcon{1c900ebc VFED..CL ......ID 0,0-128,144 #0} during layout: running second layout pass
W/View    ( 2676): requestLayout() improperly called by com.android.launcher2.PagedViewIcon{2f3bbe45 VFED..CL ......ID 160,0-288,144 #1} during layout: running second layout pass
W/View    ( 2676): requestLayout() improperly called by com.android.launcher2.PagedViewIcon{3ec7399a VFED..CL ......ID 320,0-448,144 #2} during layout: running second layout pass
W/View    ( 2676): requestLayout() improperly called by com.android.launcher2.PagedViewIcon{157ca2cb VFED..CL ......ID 480,0-608,144 #3} during layout: running second layout pass
W/View    ( 2676): requestLayout() improperly called by com.android.launcher2.PagedViewIcon{13ad5aa8 VFED..CL ......ID 640,0-768,144 #4} during layout: running second layout pass
W/View    ( 2676): requestLayout() improperly called by com.android.launcher2.PagedViewIcon{385ef9c1 VFED..CL ......ID 0,176-128,320 #5} during layout: running second layout pass
W/View    ( 2676): requestLayout() improperly called by com.android.launcher2.PagedViewIcon{1ccf5566 VFED..CL ......ID 160,176-288,320 #6} during layout: running second layout pass
W/View    ( 2676): requestLayout() improperly called by com.android.launcher2.PagedViewIcon{2330a0a7 VFED..CL ......ID 320,176-448,320 #7} during layout: running second layout pass
W/View    ( 2676): requestLayout() improperly called by com.android.launcher2.PagedViewIcon{34d17954 VFED..CL ......ID 480,176-608,320 #8} during layout: running second layout pass
W/View    ( 2676): requestLayout() improperly called by com.android.launcher2.PagedViewIcon{3b2070fd VFED..CL ......ID 640,176-768,320 #9} during layout: running second layout pass
W/View    ( 2676): requestLayout() improperly called by com.android.launcher2.PagedViewIcon{2feb61f2 VFED..CL ......ID 0,352-128,496 #a} during layout: running second layout pass
W/View    ( 2676): requestLayout() improperly called by com.android.launcher2.PagedViewIcon{123ca043 VFED..CL ......ID 160,352-288,496 #b} during layout: running second layout pass
W/View    ( 2676): requestLayout() improperly called by com.android.launcher2.PagedViewIcon{3376d6c0 VFED..CL ......ID 320,352-448,496 #c} during layout: running second layout pass
W/View    ( 2676): requestLayout() improperly called by com.android.launcher2.PagedViewIcon{37881ff9 VFED..CL ......ID 480,352-608,496 #d} during layout: running second layout pass
W/View    ( 2676): requestLayout() improperly called by com.android.launcher2.PagedViewIcon{1249ab3e VFED..CL ......ID 640,352-768,496 #e} during layout: running second layout pass
W/View    ( 2676): requestLayout() improperly called by com.android.launcher2.PagedViewIcon{2b7efd9f VFED..CL ......ID 0,528-128,672 #f} during layout: running second layout pass
W/View    ( 2676): requestLayout() improperly called by com.android.launcher2.PagedViewIcon{3e529eec VFED..CL ......ID 160,528-288,672 #10} during layout: running second layout pass
W/View    ( 2676): requestLayout() improperly called by com.android.launcher2.PagedViewIcon{c21c2b5 VFED..CL ......ID 320,528-448,672 #11} during layout: running second layout pass
W/View    ( 2676): requestLayout() improperly called by com.android.launcher2.PagedViewIcon{b13d4a VFED..CL ......ID 480,528-608,672 #12} during layout: running second layout pass
W/View    ( 2676): requestLayout() improperly called by com.android.launcher2.PagedViewIcon{3d5fd4bb VFED..CL ......ID 640,528-768,672 #13} during layout: running second layout pass
W/View    ( 2676): requestLayout() improperly called by com.android.launcher2.PagedViewIcon{1840bdd8 VFED..CL ......ID 0,704-128,848 #14} during layout: running second layout pass
W/View    ( 2676): requestLayout() improperly called by com.android.launcher2.PagedViewIcon{3a78d531 VFED..CL ......ID 160,704-288,848 #15} during layout: running second layout pass
W/View    ( 2676): requestLayout() improperly called by com.android.launcher2.PagedViewIcon{b4de416 VFED..CL ......ID 320,704-448,848 #16} during layout: running second layout pass
W/View    ( 2676): requestLayout() improperly called by com.android.launcher2.PagedViewIcon{aad0197 VFED..CL ......ID 480,704-608,848 #17} during layout: running second layout pass
W/View    ( 2676): requestLayout() improperly called by com.android.launcher2.PagedViewIcon{13efdf84 VFED..CL ......ID 640,704-768,848 #18} during layout: running second layout pass
W/View    ( 2676): requestLayout() improperly called by com.android.launcher2.PagedViewIcon{3754936d VFED..CL ......ID 0,880-128,1024 #19} during layout: running second layout pass
W/View    ( 2676): requestLayout() improperly called by com.android.launcher2.PagedViewIcon{73c2ba2 VFED..CL ......ID 160,880-288,1024 #1a} during layout: running second layout pass
W/View    ( 2676): requestLayout() improperly called by com.android.launcher2.PagedViewIcon{b362033 VFED..CL ......ID 320,880-448,1024 #1b} during layout: running second layout pass
W/View    ( 2676): requestLayout() improperly called by com.android.launcher2.PagedViewIcon{1e4d6ff0 VFED..CL ......ID 480,880-608,1024 #1c} during layout: running second layout pass
W/View    ( 2676): requestLayout() improperly called by com.android.launcher2.PagedViewIcon{2b3f969 VFED..CL ......ID 640,880-768,1024 #1d} during layout: running second layout pass
I/art     ( 3002): Heap transition to ProcessStateJankImperceptible took 10.033ms saved at least 224KB
I/ActivityManager( 2584): Start proc com.google.android.partnersetup for broadcast com.google.android.partnersetup/.GooglePartnerSetup: pid=3477 uid=10010 gids={50010, 9997, 3003} abi=x86
W/ActivityManager( 2584): Unable to start service Intent { act=com.google.android.gms.analytics.service.START cmp=com.google.android.gms/.analytics.service.AnalyticsService (has extras) } U=0: not found
I/GCoreUlr( 3064): Starting service, intent=Intent { act=com.google.android.location.reporting.ACTION_UPDATE_WORLD cmp=com.google.android.gms/com.google.android.location.reporting.service.DispatchingService (has extras) }, extras=Bundle[{receiverAction=android.intent.action.BOOT_COMPLETED}]
W/GAV2    ( 3212): Thread[GAThread,5,main]: Service unavailable (code=1), will retry.
I/GCoreUlr( 3115): WorldUpdater received intent Intent { act=com.google.android.location.reporting.ACTION_UPDATE_WORLD cmp=com.google.android.gms/com.google.android.location.reporting.service.DispatchingService (has extras) } with receiverAction android.intent.action.BOOT_COMPLETED
E/GCM     ( 3138): GCM failed to read backup checkin config, checkin may have failed
W/GCM     ( 3138): GCM FAILED TO INITIALIZE - missing checkin
I/GAV2    ( 3212): Thread[GAThread,5,main]: No campaign data found.
I/art     ( 3477): Profiler disabled. To enable setprop dalvik.vm.profiler 1.
D/GCM     ( 3138): GcmService start Intent { act=android.intent.action.BOOT_COMPLETED flg=0x8000010 cmp=com.google.android.gms/.gcm.GcmService (has extras) } android.intent.action.BOOT_COMPLETED
W/ResourceType( 2676): ResTable_typeSpec entry count inconsistent: given 1, previously 1372
I/art     ( 3138): Heap transition to ProcessStateJankPerceptible took 18.981ms saved at least 30KB
I/GCoreUlr( 3115): Ensuring that reporting is stopped because of reasons: (no Google accounts)
D/GCoreFlp( 3115): Unknown pending intent to remove.
I/GCoreUlr( 3115): Unbound from all location providers
I/ActivityManager( 2584): Start proc com.android.managedprovisioning for broadcast com.android.managedprovisioning/.BootReminder: pid=3517 uid=10012 gids={50012, 9997, 1028, 3003} abi=x86
I/RlzPingService( 3477): Setting next ping for 1411108133969
I/art     ( 3517): Profiler disabled. To enable setprop dalvik.vm.profiler 1.
I/ActivityManager( 2584): Start proc com.android.vending for broadcast com.android.vending/com.google.android.finsky.receivers.BootCompletedReceiver: pid=3540 uid=10014 gids={50014, 9997, 3003, 1028, 1015} abi=x86
D/MtpService( 2725): updating state; isCurrentUser=true, mMtpLocked=false
E/SQLiteLog( 2725): (283) recovered 63 frames from WAL file /data/data/com.android.providers.media/databases/internal.db-wal
I/art     ( 3540): Profiler disabled. To enable setprop dalvik.vm.profiler 1.
D/Finsky  ( 3540): [1] FinskyApp.onCreate: Initializing network with DFE https://android.clients.google.com/fdfe/
D/Finsky  ( 3540): [1] DailyHygiene.goMakeHygieneIfDirty: Dirty, need more hygiene.
W/MediaScanner( 2725): Error opening directory '/oem/media/', skipping: No such file or directory.
W/Settings( 3540): Setting download_manager_max_bytes_over_mobile has moved from android.provider.Settings.Secure to android.provider.Settings.Global.
W/Settings( 3540): Setting download_manager_recommended_max_bytes_over_mobile has moved from android.provider.Settings.Secure to android.provider.Settings.Global.
W/Finsky  ( 3540): [1] FinskyApp.getCurrentAccount: No account configured on this device.
W/Finsky  ( 3540): [1] FinskyApp.getDfeApi: No account configured on this device.
W/sdcard  ( 2300): type=1400 audit(0.0:63): avc: denied { read } for name="0" dev="mmcblk0p9" ino=16257 scontext=u:r:sdcardd:s0 tcontext=u:object_r:system_data_file:s0 tclass=dir
W/sdcard  ( 2300): type=1400 audit(0.0:64): avc: denied { open } for path="/data/media/0" dev="mmcblk0p9" ino=16257 scontext=u:r:sdcardd:s0 tcontext=u:object_r:system_data_file:s0 tclass=dir
I/ActivityManager( 2584): Start proc com.android.settings for broadcast com.android.settings/.ManagedProfileSetup: pid=3578 uid=1000 gids={41000, 9997, 1028, 1015, 3002, 3001, 3003} abi=x86
D/Finsky  ( 3540): [1] GmsCoreHelper.cleanupNlp: result=false type=4
W/Finsky  ( 3540): [1] FinskyApp.getCurrentAccount: No account configured on this device.
D/Finsky  ( 3540): [1] RestoreTracker.stopServiceIfDone: Restore complete with 0 success and 0 failed.
I/art     ( 3379): Heap transition to ProcessStateJankImperceptible took 10.721ms saved at least 186KB
I/art     ( 3033): Heap transition to ProcessStateJankImperceptible took 13.888ms saved at least 158KB
W/MediaScanner( 2725): Error opening directory '/storage/sdcard1/', skipping: Permission denied.
W/MediaScanner( 2725): Error opening directory '/storage/usbdisk/', skipping: Permission denied.
W/MediaScanner( 2725): Error opening directory '/storage/usbdisk2/', skipping: Permission denied.
W/MediaScanner( 2725): Error opening directory '/storage/usbdisk3/', skipping: Permission denied.
W/MediaScanner( 2725): Error opening directory '/storage/usbdisk4/', skipping: Permission denied.
I/ActivityManager( 2584): Start proc com.google.android.googlequicksearchbox:search for broadcast com.google.android.googlequicksearchbox/com.google.android.search.core.StartUpReceiver: pid=3599 uid=10019 gids={50019, 9997, 3003, 3001, 1028, 3002, 1015} abi=x86
I/art     ( 3599): Profiler disabled. To enable setprop dalvik.vm.profiler 1.
I/art     ( 3401): Heap transition to ProcessStateJankImperceptible took 9.811ms saved at least 323KB
I/WifiNative-HAL( 2584): startHal
E/wifi    ( 2584): getStaticLongField sWifiHalHandle 0xe0c6092c
D/wifi    ( 2584): halHandle = 0x0, mVM = 0xf46603c0, mCls = 0x100e4a
I/WifiNative-HAL( 2584): Could not start hal
I/ContactAccountLoggerTas( 3599): canRun() : Opted Out
W/art     ( 3599): Before Android 4.1, method void com.google.android.search.core.state.QueryState.a(java.lang.String, java.util.List, android.content.res.Resources) would have incorrectly overridden the package-private method in byd
W/art     ( 3599): Suspending all threads took: 7.925ms
D/WifiService( 2584): New client listening to asynchronous messages
W/ResourceType( 2584): Failure getting entry for 0x7f060000 (t=5 e=0) (error -75)
W/InputMethodManagerService( 2584): Skipping input method ComponentInfo{com.android.cts.stub/android.view.inputmethod.cts.InputMethodInfoStub}: it does not require the permission android.permission.BIND_INPUT_METHOD
I/art     ( 3442): Heap transition to ProcessStateJankImperceptible took 11.278ms saved at least 155KB
I/ActivityManager( 2584): Start proc com.google.android.calendar for broadcast com.google.android.calendar/com.android.calendar.alerts.AlertReceiver: pid=3631 uid=10027 gids={50027, 9997, 3003} abi=x86
D/AlertReceiver( 3631): onReceive: a=android.intent.action.BOOT_COMPLETED Intent { act=android.intent.action.BOOT_COMPLETED flg=0x8000010 cmp=com.google.android.calendar/com.android.calendar.alerts.AlertReceiver (has extras) }
I/ActivityManager( 2584): Start proc com.google.android.deskclock for broadcast com.google.android.deskclock/com.android.deskclock.AlarmInitReceiver: pid=3655 uid=10033 gids={50033, 9997, 1028} abi=x86
D/AlertService( 3631): 0 Action = android.intent.action.BOOT_COMPLETED
D/AlertService( 3631): Scheduling next alarm with AlarmScheduler. sEventReminderReceived: null
D/AlarmScheduler( 3631): No events found starting within 1 week.
D/AudioIntelHAL( 2281): stopStream: output stream
D/EVENT_THREAD( 2281): void CEventThread::trig(uint16_t): in
D/EVENT_THREAD( 2281): void CEventThread::trig(uint16_t): out
D/RouteManager( 2281): doReconsiderRouting: Route state:
D/RouteManager( 2281): 	-Previously Enabled Route in Input = <none>
D/RouteManager( 2281): 	-Previously Enabled Route in Output = Media|HwCodec0IA
D/RouteManager( 2281): 	-Selected Route in Input = <none>
D/RouteManager( 2281): 	-Selected Route in Output = <none>
D/RouteManager( 2281): 		-executeMuteRoutingStage-
D/RouteManager( 2281): 		-executeDisableRoutingStage-
D/TinyAlsaAudioDevice( 2281): close
I/art     ( 3655): Profiler disabled. To enable setprop dalvik.vm.profiler 1.
D/RouteManager( 2281): 		-executeConfigureRoutingStage-
D/RouteManager( 2281): 		-executeEnableRoutingStage-
D/RouteManager( 2281): 		-executeUnmuteRoutingStage
D/RouteManager( 2281): doReconsiderRouting: DONE
D/EVENT_THREAD( 2281): void CEventThread::run() Do poll with timeout: -1
V/AlarmClock( 3655): AlarmInitReceiver android.intent.action.BOOT_COMPLETED
V/AlarmClock( 3655): AlarmInitReceiver - Reset timers and clear stopwatch data
I/AlarmClock( 3655): Displaying next alarm time: ''
V/AlarmClock( 3655): AlarmInitReceiver finished
I/ActivityManager( 2584): Start proc com.android.email for broadcast com.android.email/.service.EmailBroadcastReceiver: pid=3677 uid=10036 gids={50036, 9997, 3003, 1028, 1015} abi=x86
I/art     ( 3677): Profiler disabled. To enable setprop dalvik.vm.profiler 1.
D/ActivityThread( 3677): Loading provider com.android.email.provider;com.android.email.notifier: com.android.email.provider.EmailProvider
D/ActivityThread( 3677): Loading provider com.android.email.provider;com.android.email.notifier: com.android.email.provider.EmailProvider
D/ActivityThread( 3677): Loading provider com.android.email.provider;com.android.email.notifier: com.android.email.provider.EmailProvider
D/ActivityThread( 3677): Loading provider com.android.email.provider;com.android.email.notifier: com.android.email.provider.EmailProvider
W/ActivityManager( 2584): Unable to start service Intent { cmp=com.android.email/.service.AttachmentService } U=0: not found
W/ActivityManager( 2584): Unable to start service Intent { cmp=com.android.email/.service.AttachmentService } U=0: not found
W/ActivityManager( 2584): Unable to start service Intent { cmp=com.android.email/.service.AttachmentService } U=0: not found
I/Email   ( 3677): Observing account changes for notifications
W/ActivityManager( 2584): Unable to start service Intent { cmp=com.android.email/.service.AttachmentService } U=0: not found
W/ActivityManager( 2584): Unable to start service Intent { cmp=com.android.email/.service.AttachmentService } U=0: not found
I/art     ( 2584): Explicit concurrent mark sweep GC freed 10647(890KB) AllocSpace objects, 15(712KB) LOS objects, 33% free, 12MB/19MB, paused 703us total 73.220ms
I/ActivityManager( 2584): Start proc com.google.android.gm for broadcast com.google.android.gm/.GoogleMailDeviceStartupReceiver: pid=3707 uid=10041 gids={50041, 9997, 3003, 1028, 1015} abi=x86
I/ActivityManager( 2584): Start proc com.android.exchange for service com.android.exchange/.service.EasService: pid=3725 uid=10037 gids={50037, 9997, 3003, 1028, 1015} abi=x86
I/art     ( 3707): Profiler disabled. To enable setprop dalvik.vm.profiler 1.
I/art     ( 3725): Profiler disabled. To enable setprop dalvik.vm.profiler 1.
E/Gmail   ( 3707): Google play services not available: 12
I/Exchange( 3725): PSS has no active accounts; stopping service.
W/GAV2    ( 3707): Thread[main,5,main]: Need to call initialize() and be in fallback mode to start dispatch.
I/SystemBroadcastReceiver( 2862): Boot has been completed
I/LauncherIconVisibilityManager( 2862): Activity has already been disabled: ComponentInfo{com.android.inputmethod.latin/com.android.inputmethod.latin.setup.SetupActivity}
I/ActivityManager( 2584): Start proc com.google.android.youtube for broadcast com.google.android.youtube/com.google.android.apps.youtube.core.transfer.DownloadService$BootReceiver: pid=3757 uid=10069 gids={50069, 9997, 3003, 1028, 1015} abi=x86
I/art     ( 2290): Explicit concurrent mark sweep GC freed 702(30KB) AllocSpace objects, 0(0B) LOS objects, 39% free, 1836KB/2MB, paused 173us total 25.132ms
I/art     ( 2290): Explicit concurrent mark sweep GC freed 4(144B) AllocSpace objects, 0(0B) LOS objects, 40% free, 1836KB/2MB, paused 159us total 23.716ms
I/art     ( 3757): Profiler disabled. To enable setprop dalvik.vm.profiler 1.
I/art     ( 2290): Explicit concurrent mark sweep GC freed 5(160B) AllocSpace objects, 0(0B) LOS objects, 40% free, 1836KB/2MB, paused 161us total 23.948ms
I/libgps  ( 2584): proxy_agps_ril_request_setid_cb: flags(1)
D/YouTube ( 3757): apps.youtube.core.utils.bh.a:41 HttpClient.UserAgent: com.google.android.youtube/5.3.23(Linux; U; Android L; en_US; AOSP on Intel Platform Build/LMP)
D/YouTube ( 3757): apps.youtube.core.utils.bh.a:41 HttpClient.UserAgent: com.google.android.youtube/5.3.23(Linux; U; Android L; en_US; AOSP on Intel Platform Build/LMP)
D/YouTube ( 3757): apps.youtube.core.client.y.a:114 event [version=5.3.23-s100, action=Startup, label=NORMAL_STARTUP, value=-1]
D/YouTube ( 3757): apps.youtube.core.cache.f.run:163 Cache is below limit, no need to shrink: [size=0, limit=20971520]
I/dex2oat ( 3786): /system/bin/dex2oat --runtime-arg -classpath --runtime-arg  --instruction-set=x86 --instruction-set-features=default --runtime-arg -Xrelocate --boot-image=/system/framework/boot.art --dex-file=/data/data/com.google.android.youtube/cache/ads1003521993.jar --oat-fd=27 --oat-location=/data/data/com.google.android.youtube/cache/ads1003521993.dex --runtime-arg -Xms64m --runtime-arg -Xmx512m --compiler-filter=interpret-only
I/dex2oat ( 3786): Using image file /data/dalvik-cache/x86/system@framework@boot.art for image location /system/framework/boot.art
I/dex2oat ( 3786): dex2oat took 27.141ms (threads: 4)
I/GoogleConversionPing( 3757): Pinging: http://www.googleadservices.com/pagead/conversion/1001680686/?label=4dahCKKczAYQrt7R3QM&value=&muid=zH3Xw9ndMMmOmdHae4fJUw&bundleid=com.google.android.youtube&appversion=5.3.23&osversion=L&sdkversion=ct-sdk-a-v1.1.0&remarketing_only=1&timestamp=978889788&data=screen_name%3D%3CAndroid_YT_Open_App%3E
D/YouTube ( 3757): apps.youtube.app.notification.d.a:79 Scheduling notification for to happen 15 seconds.
D/YouTube ( 3757): apps.youtube.core.transfer.DownloadService$BootReceiver.onReceive:97 boot completed, starting download service
D/YouTube ( 3757): apps.youtube.core.transfer.TransferService.onCreate:108 creating transfer service
D/YouTube ( 3757): apps.youtube.app.prefetch.PrefetchService$DeviceStateReceiver.onReceive:565 Got device state change intent: android.intent.action.BOOT_COMPLETED
I/ActivityManager( 2584): Start proc net.snclab.wifitetherrouter for broadcast net.snclab.wifitetherrouter/.wifitetherrouterwidget$wifitetherrouterwidget_BR: pid=3813 uid=10078 gids={50078, 9997, 3003, 1028, 1015} abi=x86
D/YouTube ( 3757): apps.youtube.app.prefetch.PrefetchService.onStartCommand:167 PrefetchService started at 7 Jan 2001 17:49:48 GMT
D/YouTube ( 3757): apps.youtube.app.prefetch.PrefetchService.p_:245 Download snapshot restored
D/YouTube ( 3757): apps.youtube.app.prefetch.PrefetchService.onDestroy:215 PrefetchService destroyed at 7 Jan 2001 17:49:48 GMT
I/art     ( 3813): Profiler disabled. To enable setprop dalvik.vm.profiler 1.
D/GCM     ( 3138): GcmService start Intent { act=com.google.android.gms.INITIALIZE flg=0x10 pkg=com.google.android.gms cmp=com.google.android.gms/.gcm.GcmService } com.google.android.gms.INITIALIZE
D/GCM     ( 3138): GcmService start Intent { act=com.google.android.gms.INITIALIZE flg=0x10 pkg=com.google.android.gms cmp=com.google.android.gms/.gcm.GcmService } com.google.android.gms.INITIALIZE
I/AdsMeasurementBroadcastReceiver( 3064): Reporting settings might have changed, alerting AdsMeasurementService
D/AdsMeasurementBroadcastReceiver( 3064): Unauthorized to start the main service
D/NetworkMonitorNetworkAgentInfo [WIFI () - 10]( 2584): UninteractiveAppsPromptedState{ when=0 what=532494 target=com.android.internal.util.StateMachine$SmHandler }
D/ConnectivityService( 2584): setProvNotificationVisibleIntent: E visible=true networkType=1 extraInfo="Guest"
D/WifiService( 2584): New client listening to asynchronous messages
I/B4A     ( 3813): ~i:** Service (wifitetherrouterwidget) Create **
I/ActivityManager( 2584): Start proc com.gau.go.launcherex:remote for service com.gau.go.launcherex/com.quettra.qservicelib.PersonalizationService: pid=3834 uid=10074 gids={50074, 9997, 3003, 1028, 1015, 3001, 3002} abi=x86
D/GCM     ( 3138): GcmService start Intent { act=com.google.android.checkin.CHECKIN_COMPLETE flg=0x10 cmp=com.google.android.gms/.gcm.GcmService (has extras) } com.google.android.checkin.CHECKIN_COMPLETE
I/B4A     ( 3813): ~i:** Service (wifitetherrouterwidget) Start **
W/ActivityManager( 2584): Unable to start service Intent { act=com.google.android.gms.analytics.service.START cmp=com.google.android.gms/.analytics.service.AnalyticsService (has extras) } U=0: not found
W/GAV2    ( 3212): Thread[Service Reconnect,5,main]: Service unavailable (code=1), using local store.
D/GCM     ( 3138): GcmService start Intent { act=com.google.android.gms.INITIALIZE flg=0x10 pkg=com.google.android.gms cmp=com.google.android.gms/.gcm.GcmService } com.google.android.gms.INITIALIZE
I/art     ( 3477): Heap transition to ProcessStateJankImperceptible took 10.918ms saved at least 368KB
D/AlertReceiver( 3631): onReceive: a=android.intent.action.PROVIDER_CHANGED Intent { act=android.intent.action.PROVIDER_CHANGED dat=content://com.android.calendar flg=0x10 cmp=com.google.android.calendar/com.android.calendar.alerts.AlertReceiver }
W/art     ( 3212): No such thread id for suspend: 32
D/AlertService( 3631): 0 Action = android.intent.action.PROVIDER_CHANGED
W/ResourceType( 3834): ResTable_typeSpec entry count inconsistent: given 9, previously 1372
I/ActivityManager( 2584): Delay finish: com.google.android.gms/.common.download.DownloadAlarmReceiver
W/OneTimePlayLogger( 3064): logger connection failed
I/ActivityManager( 2584): Resuming delayed broadcast
D/ACRA    ( 3834): ACRA is enabled for com.gau.go.launcherex, intializing...
D/ACRA    ( 3834): Looking for error files in /data/data/com.gau.go.launcherex/files
I/AdsMeasurementBroadcastReceiver( 3064): Reporting settings might have changed, alerting AdsMeasurementService
D/AdsMeasurementBroadcastReceiver( 3064): Unauthorized to start the main service
D/JobScheduler.Time( 2584): Just received alarm: android.content.jobscheduler.JOB_DELAY_EXPIRED
D/JobScheduler.Time( 2584): Setting android.content.jobscheduler.JOB_DELAY_EXPIRED for: 65471685
D/WifiService( 2584): New client listening to asynchronous messages
I/ActivityManager( 2584): Start proc com.google.android.music:main for broadcast com.google.android.music/.store.MediaStoreImportService$Receiver: pid=3866 uid=10050 gids={50050, 9997, 3003, 1028, 1015} abi=x86
W/ActivityThread( 3834): ClassLoader.loadClass: The class loader returned by Thread.getContextClassLoader() may fail for processes that host multiple applications. You should explicitly specify a context class loader. For example: Thread.setContextClassLoader(getClass().getClassLoader());
W/ResourceType( 3866): ResTable_typeSpec entry count inconsistent: given 1, previously 1372
I/art     ( 3517): Heap transition to ProcessStateJankImperceptible took 8.407ms saved at least 172KB
I/MusicStore( 3866): Database version: 72
W/ContextImpl( 3866): Implicit intents with startService are not safe: Intent { act=com.google.android.music.PREFERENCE_SERVICE } android.content.ContextWrapper.bindService:538 com.google.android.music.utils.SafeServiceConnection$ServiceConnectionImp.bindService:98 com.google.android.music.utils.SafeServiceConnection.bindService:259 
I/art     ( 3540): Heap transition to ProcessStateJankImperceptible took 16.726ms saved at least 394KB
W/ContextImpl( 3866): Implicit intents with startService are not safe: Intent { act=com.google.android.music.NETWORK_MONITOR_SERVICE } android.content.ContextWrapper.bindService:538 com.google.android.music.utils.SafeServiceConnection$ServiceConnectionImp.bindService:98 com.google.android.music.utils.SafeServiceConnection.bindService:259 
D/MusicPreferences( 3866): Set pref key LogFilesEnabled=false
I/MediaRouter( 3866): Found default route: MediaRouter.RouteInfo{ uniqueId=android:DEFAULT_ROUTE, name=Tablet, description=null, enabled=true, connecting=false, playbackType=0, playbackStream=3, volumeHandling=1, volume=11, volumeMax=15, presentationDisplayId=-1, extras=null, providerPackageName=android }
I/NetworkMonitor( 3866): Network Type: 1 isConnected: false
D/MusicPreferences( 3866): Set pref key isInvalidAccount=false
D/MusicPreferences( 3866): Set pref key upgradeSyncDone=false
I/ActivityManager( 2584): Delay finish: com.android.providers.calendar/.CalendarProviderBroadcastReceiver
E/SQLiteLog( 3379): (284) automatic index on view_events(_id)
D/MusicStore( 3866): Disabled WAL
D/MusicStore( 3866): Database opened
I/ActivityManager( 2584): Resuming delayed broadcast
I/ActivityManager( 2584): Delay finish: com.google.android.gm/.MailIntentReceiver
I/ActivityManager( 2584): Resuming delayed broadcast
I/wpa_supplicant( 2770): wlan0: CTRL-EVENT-SCAN-STARTED 
I/MediaStoreImporter( 3866): Update: incremental Added music: 0 Updated music: 0 Deleted music: 0 Created playlists: 0 Updated playlists: 0 Deleted playlists: 0 Inserted playlist items: 0 Deleted playlist items: 0 Removed orphaned playlist items: 0
I/ActivityManager( 2584): Killing 3212:com.google.android.apps.magazines/u0a47 (adj 15): empty #17
I/art     ( 3578): Heap transition to ProcessStateJankImperceptible took 26.731ms saved at least 117KB
I/art     ( 3599): Heap transition to ProcessStateJankImperceptible took 48.265ms saved at least 1879KB
I/art     ( 3631): Heap transition to ProcessStateJankImperceptible took 32.656ms saved at least 434KB
I/art     ( 3655): Heap transition to ProcessStateJankImperceptible took 28.731ms saved at least 604KB
I/art     ( 3677): Heap transition to ProcessStateJankImperceptible took 15.876ms saved at least 255KB
I/art     ( 3707): Heap transition to ProcessStateJankImperceptible took 17.845ms saved at least 170KB
I/art     ( 3725): Heap transition to ProcessStateJankImperceptible took 13.958ms saved at least 190KB
E/WifiStateMachine( 2584): CMD_AUTO_ROAM sup state CompletedState my state ConnectedState nid=0 roam=1f0:25:72:da:b7:12
E/WifiStateMachine( 2584): CMD_AUTO_ROAM will save config -> "Guest" nid=0
E/WifiConfigStore( 2584): Setting BSSID for "Guest" to f0:25:72:da:b7:12
E/WifiConfigStore( 2584): will read network variables netId=0
E/WifiStateMachine( 2584): CMD_AUTO_ROAM did save config ->  nid=0
E/WifiConfigStore( 2584): will read network variables netId=0
I/wpa_supplicant( 2770): wlan0: Trying to associate with f0:25:72:da:b7:12 (SSID='Guest' freq=2437 MHz)
E/WifiStateMachine( 2584): WifiStateMachine: Leaving Connected state
W/ActivityManager( 2584): Unable to start service Intent { act=com.google.android.gms.analytics.service.START cmp=com.google.android.gms/.analytics.service.AnalyticsService (has extras) } U=0: not found
W/GAV2    ( 3707): Thread[GAThread,5,main]: Service unavailable (code=1), will retry.
I/GAV2    ( 3707): Thread[GAThread,5,main]: No campaign data found.
I/art     ( 3138): Heap transition to ProcessStateJankImperceptible took 18.738ms saved at least 479KB
I/art     ( 3757): Heap transition to ProcessStateJankImperceptible took 25.473ms saved at least 680KB
I/wpa_supplicant( 2770): wlan0: Associated with f0:25:72:da:b7:12
I/wpa_supplicant( 2770): wlan0: CTRL-EVENT-CONNECTED - Connection to f0:25:72:da:b7:12 completed [id=0 id_str=]
E/WifiStateMachine( 2584): WifiStateMachine: Leaving Roaming state
E/WifiStateMachine( 2584): Start Dhcp Watchdog 2
E/wpa_supplicant( 2770): Unsupported command: BTCOEXMODE 1
E/native  ( 2584): do suspend false
E/wpa_supplicant( 2770): Unsupported command: SETSUSPENDMODE 0
E/wpa_supplicant( 2770): Unsupported command: WLS_BATCHING GET
E/WifiStateMachine( 2584): Unexpected BatchedScanResults :null
E/wpa_supplicant( 2770): Unsupported command: WLS_BATCHING STOP
I/dhcpcd  ( 3905): sending signal 14 to pid 3283
I/dhcpcd  ( 3283): received SIGALRM, renewing
I/dhcpcd  ( 3283): wlan0: renewing lease of 10.251.11.0
I/dhcpcd  ( 3283): wlan0: acknowledged 10.251.11.0 from 1.1.1.1
I/dhcpcd  ( 3283): wlan0: leased 10.251.11.0 for 1800 seconds
E/wpa_supplicant( 2770): Unsupported command: BTCOEXMODE 2
D/WifiPasspointStateMachine( 2584): handleMessage: E msg.what=164113
D/WifiPasspointStateMachine( 2584): processMsg: DiscoveryState
E/WifiPasspointStateMachine( 2584):  DiscoveryState CMD_WIFI_CONNECTED 0 0 { when=-15ms what=164113 target=com.android.internal.util.StateMachine$SmHandler }
D/WifiPasspointStateMachine( 2584): skip CMD_WIFI_CONNECTED
D/WifiPasspointStateMachine( 2584): handleMessage: X
D/WifiPasspointStateMachine( 2584): handleMessage: E msg.what=164113
D/WifiPasspointStateMachine( 2584): processMsg: DiscoveryState
E/WifiPasspointStateMachine( 2584):  DiscoveryState CMD_WIFI_CONNECTED 0 0 { when=-17ms what=164113 target=com.android.internal.util.StateMachine$SmHandler }
D/WifiPasspointStateMachine( 2584): skip CMD_WIFI_CONNECTED
D/WifiPasspointStateMachine( 2584): handleMessage: X
I/art     ( 3813): Heap transition to ProcessStateJankImperceptible took 30.803ms saved at least 303KB
D/Volley  ( 3064): [1] sv.b: 12909 ms: [ ] https://www.google.com/ads/preferences/mobile_optin?sig=1nluvUCfj3gBuTIV5MWX4M_kltj2R6pF2Jza3o31_qFjiSsyaRKYYxQlK3bUqdFHmksNtn9Osvrokrvg009bYr8ZAjwr44VY5i7zFNDR0NA1XoTnD1NOmaH8FryOf-nkgJkIqF4F1YMEqfq2HJUqMMaS97BqC5j6HsGuph9xhkRe-fKhhexe5txTFzf7pyLDr5CjQazq-VyT95iTHOliLBElN7WJBDbm8i3ye1NrkPQRl1WpIR0iA0WI7jBnoqqbrwgfbrWhfY4X-eB84MS5sDxLUdfEPmWx7hpu_9mslkWsnxwaf11C9WA8lfMtBO9rSM9M_3OQCHFhxrTDVgjZUw&vv=2 0xd61ac103 NORMAL 1
I/GlobalDismissManager( 3631): no sender configured
D/AlertService( 3631): Beginning updateAlertNotification
I/art     ( 3834): Heap transition to ProcessStateJankImperceptible took 27.612ms saved at least 356KB
D/AlertService( 3631): No fired or scheduled alerts
D/AlertService( 3631): Scheduling next alarm with AlarmScheduler. sEventReminderReceived: null
D/AlarmScheduler( 3631): No events found starting within 1 week.
I/art     ( 3866): Heap transition to ProcessStateJankImperceptible took 14.019ms saved at least 252KB
D/ConnectivityService( 2584): updateNetworkScore for NetworkAgentInfo [WIFI () - 10] to 60
I/MusicLeanback( 3866): EnablingReceiver action:com.google.android.music.START_DOWNLOAD_SCHEDULING
I/libgps  ( 2584): proxy_agps_ril_request_setid_cb: flags(1)
D/MusicLeanback( 3866): Acquired WakeLock
D/MusicLeanback( 3866): onCreate
W/ContextImpl( 3866): Implicit intents with startService are not safe: Intent { act=com.google.android.music.NETWORK_MONITOR_SERVICE } android.content.ContextWrapper.bindService:538 com.google.android.music.utils.SafeServiceConnection$ServiceConnectionImp.bindService:98 com.google.android.music.utils.SafeServiceConnection.bindService:259 
D/MusicLeanback( 3866): Service action:com.google.android.music.leanback.APP_IN_USE
D/MusicLeanback( 3866): State: lastUpdateTrigger=Thu Jan 01 00:00:00 GMT+00:00 1970, currentUpdateTrigger=Thu Jan 01 00:00:00 GMT+00:00 1970, scheduledTrigger=Thu Jan 01 00:00:00 GMT+00:00 1970, currentUpdateRefreshedMixes=false, initializedMixes=false, sourceAccount=0, lastAttempt=Thu Jan 01 00:00:00 GMT+00:00 1970, appUseTime=Thu Jan 01 00:00:00 GMT+00:00 1970, connectivityRecoveryTime=Thu Jan 01 00:00:00 GMT+00:00 1970
W/MusicLeanback( 3866): No valid streaming account configured
D/MusicLeanback( 3866): Released WakeLock
I/MusicLeanback( 3866): Conditions not met for autocaching.
I/MusicLeanback( 3866): Stop autocaching.
W/ContextImpl( 3866): Implicit intents with startService are not safe: Intent { act=com.google.android.music.NETWORK_MONITOR_SERVICE } android.content.ContextWrapper.bindService:538 com.google.android.music.utils.SafeServiceConnection$ServiceConnectionImp.bindService:98 com.google.android.music.utils.SafeServiceConnection.bindService:259 
D/MusicLeanback( 3866): handleMessage: msg{ when=0 what=7 arg1=1 target=com.google.android.music.download.AbstractSchedulingService$ServiceWorker }
D/DownloadQueue( 3866): clearCurrentTask
D/DownloadQueue( 3866): getNextTask(): wait
D/CacheService( 3866): onCreate
I/art     ( 2584): Explicit concurrent mark sweep GC freed 20920(1155KB) AllocSpace objects, 6(323KB) LOS objects, 33% free, 12MB/19MB, paused 590us total 76.909ms
D/CacheService( 3866): onBind
D/MusicLeanback( 3866): onDestroy
D/MusicLeanback( 3866): updateServiceState
D/MusicLeanback( 3866): isAllServicesConnected: false
D/MusicLeanback( 3866): bindings: dm=true cm=false nm=false
D/MusicLeanback( 3866): updateServiceState
D/MusicLeanback( 3866): isAllServicesConnected: false
D/MusicLeanback( 3866): bindings: dm=true cm=true nm=false
D/DownloadQueueManager( 3866): onDestroy()
D/CacheService( 3866): onDestroy
D/DownloadQueueManager( 3866): Interrupted:
D/DownloadQueueManager( 3866): java.lang.InterruptedException
D/DownloadQueueManager( 3866): 	at java.lang.Object.wait(Native Method)
D/DownloadQueueManager( 3866): 	at com.google.android.music.download.DownloadQueue.getNextTask(DownloadQueue.java:256)
D/DownloadQueueManager( 3866): 	at com.google.android.music.download.DownloadQueueManagerImpl$1.run(DownloadQueueManagerImpl.java:58)
D/DownloadQueueManager( 3866): Shutting down
D/DownloadQueueManager( 3866): Download thread finished: mShutdown=true
I/ActivityManager( 2584): Waited long enough for: ServiceRecord{10a94004 u0 com.google.android.gms/.gcm.GcmService}
W/ActivityManager( 2584): Unable to start service Intent { act=com.google.android.gms.analytics.service.START cmp=com.google.android.gms/.analytics.service.AnalyticsService (has extras) } U=0: not found
W/GAV2    ( 3707): Thread[Service Reconnect,5,main]: Service unavailable (code=1), using local store.
I/ActivityManager( 2584): Waited long enough for: ServiceRecord{84ba7e8 u0 com.google.android.googlequicksearchbox/com.google.android.search.core.service.SearchService}
I/ActivityManager( 2584): Waited long enough for: ServiceRecord{205c488a u0 com.google.android.calendar/com.android.calendar.alerts.InitAlarmsService}
I/libgps  ( 2584): proxy_agps_ril_request_setid_cb: flags(1)
I/wpa_supplicant( 2770): wlan0: CTRL-EVENT-SCAN-STARTED 
E/GCM     ( 3138): GCM failed to read backup checkin config, checkin may have failed
W/GCM     ( 3138): GCM FAILED TO INITIALIZE - missing checkin
W/GCM     ( 3138): GCM registration failed: invalid or missing checkin null
E/GCM     ( 3138): GCM failed to read backup checkin config, checkin may have failed
W/GCM     ( 3138): GCM FAILED TO INITIALIZE - missing checkin
W/GCM     ( 3138): GCM registration failed: invalid or missing checkin null
W/YouTube ( 3757): apps.youtube.app.notification.d.a:33 Could not register with GCM: 
W/YouTube ( 3757): java.io.IOException: AUTHENTICATION_FAILED
W/YouTube ( 3757): 	at com.google.android.gms.a.a.a(Unknown Source)
W/YouTube ( 3757): 	at com.google.android.apps.youtube.app.notification.d.a(SourceFile:33)
W/YouTube ( 3757): 	at com.google.android.apps.youtube.app.notification.e.run(SourceFile:76)
W/YouTube ( 3757): 	at java.util.concurrent.Executors$RunnableAdapter.call(Executors.java:422)
W/YouTube ( 3757): 	at java.util.concurrent.FutureTask.run(FutureTask.java:237)
W/YouTube ( 3757): 	at java.util.concurrent.ScheduledThreadPoolExecutor$ScheduledFutureTask.access$201(ScheduledThreadPoolExecutor.java:152)
W/YouTube ( 3757): 	at java.util.concurrent.ScheduledThreadPoolExecutor$ScheduledFutureTask.run(ScheduledThreadPoolExecutor.java:265)
W/YouTube ( 3757): 	at java.util.concurrent.ThreadPoolExecutor.runWorker(ThreadPoolExecutor.java:1112)
W/YouTube ( 3757): 	at java.util.concurrent.ThreadPoolExecutor$Worker.run(ThreadPoolExecutor.java:587)
W/YouTube ( 3757): 	at java.lang.Thread.run(Thread.java:818)
I/YouTube ( 3757): apps.youtube.core.async.x.a:72 Sleeping thread for 1844ms
I/ActivityManager( 2584): Waited long enough for: ServiceRecord{2591d9f9 u0 net.snclab.wifitetherrouter/.wifitetherrouterwidget}
I/ActivityManager( 2584): Waited long enough for: ServiceRecord{39b6a184 u0 com.gau.go.launcherex/com.quettra.qservicelib.PersonalizationService}
I/GoogleConversionPing( 3757): Ping responded with response code 200
E/GCM     ( 3138): GCM failed to read backup checkin config, checkin may have failed
W/GCM     ( 3138): GCM FAILED TO INITIALIZE - missing checkin
W/GCM     ( 3138): GCM registration failed: invalid or missing checkin null
E/GCM     ( 3138): GCM failed to read backup checkin config, checkin may have failed
W/GCM     ( 3138): GCM FAILED TO INITIALIZE - missing checkin
W/GCM     ( 3138): GCM registration failed: invalid or missing checkin null
W/YouTube ( 3757): apps.youtube.app.notification.d.a:33 Could not register with GCM: 
W/YouTube ( 3757): java.io.IOException: AUTHENTICATION_FAILED
W/YouTube ( 3757): 	at com.google.android.gms.a.a.a(Unknown Source)
W/YouTube ( 3757): 	at com.google.android.apps.youtube.app.notification.d.a(SourceFile:33)
W/YouTube ( 3757): 	at com.google.android.apps.youtube.app.notification.e.run(SourceFile:76)
W/YouTube ( 3757): 	at java.util.concurrent.Executors$RunnableAdapter.call(Executors.java:422)
W/YouTube ( 3757): 	at java.util.concurrent.FutureTask.run(FutureTask.java:237)
W/YouTube ( 3757): 	at java.util.concurrent.ScheduledThreadPoolExecutor$ScheduledFutureTask.access$201(ScheduledThreadPoolExecutor.java:152)
W/YouTube ( 3757): 	at java.util.concurrent.ScheduledThreadPoolExecutor$ScheduledFutureTask.run(ScheduledThreadPoolExecutor.java:265)
W/YouTube ( 3757): 	at java.util.concurrent.ThreadPoolExecutor.runWorker(ThreadPoolExecutor.java:1112)
W/YouTube ( 3757): 	at java.util.concurrent.ThreadPoolExecutor$Worker.run(ThreadPoolExecutor.java:587)
